source commit: 1ee91f04f81dfa88defa48c30e4b09ba175bcb59
command: node --expose-gc tools/rendering/verify_preview_storage.mjs

{
  "runtime": "v24.11.1",
  "scope": "Host storage and retained JSON-clone regression only; no native peak memory/frame-timing/4GBphone acceptance",
  "records": 176,
  "families": 71,
  "rawBytes": 511956,
  "gzipBytes": 80265,
  "largestFamily": {
    "file": "horizontal-press__supine.json",
    "rawBytes": 40359
  },
  "singleFamily": {
    "samples": [
      89432,
      93944,
      94072,
      94072,
      94304
    ],
    "medianBytes": 94072
  },
  "allFamilies": {
    "samples": [
      1346520,
      1345672,
      1345624,
      1345624,
      1345624
    ],
    "medianBytes": 1345624
  },
  "budgets": {
    "rawBytes": 1048576,
    "gzipBytes": 196608,
    "familyBytes": 65536,
    "singleFamilyMaxBytes": 262144,
    "allFamiliesMaxBytes": 2097152
  },
  "checks": {
    "aggregateRaw": true,
    "aggregateGzip": true,
    "everyFamily": true,
    "singleFamilyClone": true,
    "allFamiliesClone": true
  },
  "pass": true
}
exit code: 0
