source commit: 24b0aff70c433f9870473d065b2e2fd714d30df1
command: npx jest --config apps/mobile/jest.config.js --runInBand --no-cache --testPathPattern MovementPreview

PASS apps/mobile/test/components/MovementPreview.acceptedText.test.js
PASS apps/mobile/test/components/MovementPreview.test.js
PASS apps/mobile/test/components/MovementPreview.thirdRedraw.test.js
PASS apps/mobile/test/components/MovementPreview.gripDelta.test.js
PASS apps/mobile/test/components/MovementPreview.secondRedraw.test.js
PASS apps/mobile/test/components/MovementPreview.redrawnFromText.test.js
PASS apps/mobile/test/components/MovementPreview.adversarial.test.js
PASS apps/mobile/test/components/MovementPreview.lifecycle_stress.test.js
PASS apps/mobile/test/components/MovementPreview.derivation.test.js
PASS apps/mobile/test/components/MovementPreview.lyingTrunkFlexion.test.js
PASS apps/mobile/test/components/MovementPreview.cableCrunchesAndTwists.test.js
PASS apps/mobile/test/components/MovementPreview.supportedAndWristCurls.test.js
PASS apps/mobile/test/components/MovementPreview.challenger_m7_1.test.js
PASS apps/mobile/test/components/MovementPreview.challenger_m6_4.test.js
PASS apps/mobile/test/components/MovementPreview.bodyweight.test.js
PASS apps/mobile/test/components/MovementPreview.lyingTricepsExtension.test.js
PASS apps/mobile/test/components/MovementPreview.inclineBenchArms.test.js
PASS apps/mobile/test/components/MovementPreview.approval.test.js
PASS apps/mobile/test/components/MovementPreview.sideRaisesAndFlyes.test.js
PASS apps/mobile/test/components/MovementPreview.jointOffsets.test.js
PASS apps/mobile/test/components/MovementPreview.proneInclineRaise.test.js
PASS apps/mobile/test/components/MovementPreview.torso.test.js (52.167 s)
PASS apps/mobile/test/components/MovementPreview.canonicalFrameFit.test.js (120.717 s)
PASS apps/mobile/test/components/MovementPreview.frontStanding.test.js
PASS apps/mobile/test/components/MovementPreview.batch3Perspective.test.js
PASS apps/mobile/test/components/MovementPreview.fixedBarBodyMotion.test.js
PASS apps/mobile/test/components/MovementPreview.cableLow.test.js
PASS apps/mobile/test/components/MovementPreview.canonical.test.js
PASS apps/mobile/test/components/MovementPreview.supportedGeometry.test.js
PASS apps/mobile/test/components/MovementPreview.fingerCurls.test.js
PASS apps/mobile/test/components/MovementPreview.frontRaise.test.js
PASS apps/mobile/test/components/MovementPreview.lateralRaise.test.js
PASS apps/mobile/test/components/MovementPreview.seatedLateralRaise.test.js
PASS apps/mobile/test/components/MovementPreview.hammerCurl.test.js
PASS apps/mobile/test/components/MovementPreview.chain.test.js (67.763 s)
PASS apps/mobile/test/components/MovementPreview.captionIntegrity.test.js
PASS apps/mobile/test/components/MovementPreview.layout.test.js
PASS apps/mobile/test/components/MovementPreview.flye.test.js (6.673 s)
PASS apps/mobile/test/components/MovementPreview.reverseLunge.test.js
PASS apps/mobile/test/components/MovementPreview.pushdown.test.js (7.339 s)
PASS apps/mobile/test/components/MovementPreview.runtimeRegression.test.js
PASS apps/mobile/test/components/MovementPreview.canonicalNavigation.test.js
PASS apps/mobile/test/components/MovementPreview.lungeReducedMotion.test.js
PASS apps/mobile/test/components/MovementPreview.manifestSplit.test.js
PASS apps/mobile/test/components/MovementPreview.lazyFamilyLoad.test.js
PASS apps/mobile/test/components/MovementPreview.straightArmPulldown.test.js
PASS apps/mobile/test/components/MovementPreview.kickback.test.js
PASS apps/mobile/test/components/MovementPreview.reverseLungeNativeContact.test.js
PASS apps/mobile/test/components/MovementPreview.headSupport.test.js
PASS apps/mobile/test/components/MovementPreview.unbrokenMotion.test.js
PASS apps/mobile/test/components/MovementPreview.walkingLunge.test.js
PASS apps/mobile/test/components/MovementPreview.ropeTension.test.js
PASS apps/mobile/test/components/MovementPreview.lungeContactMutation.test.js
PASS apps/mobile/test/components/MovementPreview.lungeContact.test.js
Test Suites: 54 passed, 54 total
Tests:       1927 passed, 1927 total
Snapshots:   0 total
exit code: 0
