PASS apps/mobile/test/components/__opusAuditProbe.v2.test.js (30.65 s)
  √ measure movement 14 (1049 ms)
  √ measure movement 55 (300 ms)
  √ measure movement 9 (131 ms)
  √ measure movement 113 (160 ms)
  √ measure movement 287 (313 ms)
  √ measure movement 86 (256 ms)
  √ measure movement 100 (243 ms)
  √ measure movement 128 (168 ms)
  √ measure movement 133 (155 ms)
  √ measure movement 141 (162 ms)
  √ measure movement 168 (423 ms)
  √ measure movement 185 (185 ms)
  √ measure movement 196 (112 ms)
  √ measure movement 246 (134 ms)
  √ measure movement 227 (161 ms)
  √ measure movement 22 (309 ms)
  √ measure movement 30 (268 ms)
  √ measure movement 117 (177 ms)
  √ measure movement 238 (137 ms)
  √ measure movement 273 (112 ms)
  √ measure movement 142 (556 ms)
  √ measure movement 144 (102 ms)
  √ measure movement 146 (99 ms)
  √ measure movement 147 (104 ms)
  √ measure movement 32 (166 ms)
  √ measure movement 115 (507 ms)
  √ measure movement 197 (199 ms)
  √ measure movement 198 (183 ms)
  √ measure movement 224 (252 ms)
  √ measure movement 127 (416 ms)
  √ measure movement 274 (257 ms)
  √ measure movement 280 (252 ms)
  √ measure movement 284 (551 ms)
  √ measure movement 76 (160 ms)
  √ measure movement 118 (165 ms)
  √ measure movement 15 (67 ms)
  √ measure movement 10 (330 ms)
  √ measure movement 11 (221 ms)
  √ measure movement 12 (114 ms)
  √ measure movement 247 (108 ms)
  √ measure movement 21 (429 ms)
  √ measure movement 74 (291 ms)
  √ measure movement 103 (200 ms)
  √ measure movement 169 (231 ms)
  √ measure movement 294 (547 ms)
  √ measure movement 298 (157 ms)
  √ measure movement 300 (203 ms)
  √ measure movement 97 (108 ms)
  √ measure movement 54 (145 ms)
  √ measure movement 17 (769 ms)
  √ measure movement 19 (326 ms)
  √ measure movement 20 (381 ms)
  √ measure movement 39 (144 ms)
  √ measure movement 62 (92 ms)
  √ measure movement 186 (101 ms)
  √ measure movement 267 (318 ms)
  √ measure movement 270 (349 ms)
  √ measure movement 34 (176 ms)
  √ measure movement 106 (167 ms)
  √ measure movement 167 (233 ms)
  √ measure movement 199 (331 ms)
  √ measure movement 114 (136 ms)
  √ measure movement 260 (141 ms)
  √ measure movement 278 (140 ms)
  √ measure movement 126 (284 ms)
  √ measure movement 172 (320 ms)
  √ measure movement 134 (169 ms)
  √ measure movement 212 (172 ms)
  √ measure movement 216 (205 ms)
  √ measure movement 218 (425 ms)
  √ measure movement 24 (96 ms)
  √ measure movement 159 (203 ms)
  √ measure movement 25 (97 ms)
  √ measure movement 251 (103 ms)
  √ measure movement 111 (341 ms)
  √ measure movement 191 (182 ms)
  √ measure movement 26 (88 ms)
  √ measure movement 42 (89 ms)
  √ measure movement 44 (138 ms)
  √ measure movement 57 (83 ms)
  √ measure movement 59 (86 ms)
  √ measure movement 266 (190 ms)
  √ measure movement 60 (232 ms)
  √ measure movement 254 (85 ms)
  √ measure movement 255 (83 ms)
  √ measure movement 174 (88 ms)
  √ measure movement 175 (87 ms)
  √ measure movement 263 (95 ms)
  √ measure movement 116 (80 ms)
  √ measure movement 157 (73 ms)
  √ measure movement 193 (176 ms)
  √ measure movement 282 (238 ms)
  √ measure movement 283 (79 ms)
  √ measure movement 53 (126 ms)
  √ measure movement 82 (143 ms)
  √ measure movement 138 (143 ms)
  √ measure movement 163 (149 ms)
  √ measure movement 125 (321 ms)
  √ measure movement 161 (115 ms)
  √ measure movement 225 (88 ms)
  √ measure movement 226 (85 ms)
  √ measure movement 40 (88 ms)
  √ measure movement 132 (95 ms)
  √ measure movement 214 (96 ms)
  √ measure movement 90 (80 ms)
  √ measure movement 222 (251 ms)
  √ measure movement 223 (184 ms)
  √ measure movement 92 (243 ms)
  √ measure movement 158 (250 ms)
  √ measure movement 253 (527 ms)
  √ measure movement 73 (74 ms)
  √ measure movement 173 (72 ms)
  √ measure movement 245 (76 ms)
  √ measure movement 29 (81 ms)
  √ measure movement 75 (77 ms)
  √ measure movement 51 (76 ms)
  √ measure movement 286 (74 ms)
  √ measure movement 110 (199 ms)
  √ measure movement 143 (392 ms)
  √ measure movement 122 (77 ms)
  √ measure movement 234 (79 ms)
  √ measure movement 135 (89 ms)
  √ measure movement 187 (80 ms)
  √ measure movement 80 (453 ms)
  √ measure movement 262 (225 ms)
  √ measure movement 292 (197 ms)
  √ measure movement 264 (209 ms)
  √ measure movement 49 (482 ms)
  √ measure movement 178 (194 ms)
  √ measure movement 220 (194 ms)
  √ measure movement 84 (240 ms)
  √ measure movement 52 (387 ms)
  √ measure movement 66 (139 ms)
  √ measure movement 152 (153 ms)

Test Suites: 1 passed, 1 total
Tests:       134 passed, 134 total
Snapshots:   0 total
Time:        31.715 s
Ran all test suites matching /__opusAuditProbe/i.
probe exit=0
