PASS apps/mobile/test/components/__opusAuditProbe.v2.test.js (23.761 s)
  √ measure movement 14 (807 ms)
  √ measure movement 55 (154 ms)
  √ measure movement 9 (222 ms)
  √ measure movement 113 (184 ms)
  √ measure movement 287 (260 ms)
  √ measure movement 86 (102 ms)
  √ measure movement 100 (103 ms)
  √ measure movement 128 (137 ms)
  √ measure movement 133 (344 ms)
  √ measure movement 141 (120 ms)
  √ measure movement 168 (128 ms)
  √ measure movement 185 (119 ms)
  √ measure movement 196 (90 ms)
  √ measure movement 246 (114 ms)
  √ measure movement 227 (118 ms)
  √ measure movement 22 (318 ms)
  √ measure movement 30 (103 ms)
  √ measure movement 117 (117 ms)
  √ measure movement 238 (88 ms)
  √ measure movement 273 (90 ms)
  √ measure movement 142 (223 ms)
  √ measure movement 144 (175 ms)
  √ measure movement 146 (308 ms)
  √ measure movement 147 (95 ms)
  √ measure movement 32 (145 ms)
  √ measure movement 115 (141 ms)
  √ measure movement 197 (140 ms)
  √ measure movement 198 (356 ms)
  √ measure movement 224 (166 ms)
  √ measure movement 127 (140 ms)
  √ measure movement 274 (145 ms)
  √ measure movement 280 (138 ms)
  √ measure movement 284 (208 ms)
  √ measure movement 76 (293 ms)
  √ measure movement 118 (111 ms)
  √ measure movement 15 (56 ms)
  √ measure movement 10 (75 ms)
  √ measure movement 11 (117 ms)
  √ measure movement 12 (79 ms)
  √ measure movement 247 (80 ms)
  √ measure movement 21 (468 ms)
  √ measure movement 74 (118 ms)
  √ measure movement 103 (162 ms)
  √ measure movement 169 (160 ms)
  √ measure movement 294 (151 ms)
  √ measure movement 298 (369 ms)
  √ measure movement 300 (159 ms)
  √ measure movement 97 (98 ms)
  √ measure movement 54 (80 ms)
  √ measure movement 17 (551 ms)
  √ measure movement 19 (227 ms)
  √ measure movement 20 (140 ms)
  √ measure movement 39 (112 ms)
  √ measure movement 62 (73 ms)
  √ measure movement 186 (76 ms)
  √ measure movement 267 (132 ms)
  √ measure movement 270 (375 ms)
  √ measure movement 34 (115 ms)
  √ measure movement 106 (118 ms)
  √ measure movement 167 (114 ms)
  √ measure movement 199 (118 ms)
  √ measure movement 114 (124 ms)
  √ measure movement 260 (311 ms)
  √ measure movement 278 (178 ms)
  √ measure movement 126 (144 ms)
  √ measure movement 172 (124 ms)
  √ measure movement 134 (166 ms)
  √ measure movement 212 (209 ms)
  √ measure movement 216 (372 ms)
  √ measure movement 218 (145 ms)
  √ measure movement 24 (84 ms)
  √ measure movement 159 (176 ms)
  √ measure movement 25 (82 ms)
  √ measure movement 251 (162 ms)
  √ measure movement 111 (355 ms)
  √ measure movement 191 (117 ms)
  √ measure movement 26 (84 ms)
  √ measure movement 42 (85 ms)
  √ measure movement 44 (117 ms)
  √ measure movement 57 (81 ms)
  √ measure movement 59 (110 ms)
  √ measure movement 266 (307 ms)
  √ measure movement 60 (81 ms)
  √ measure movement 254 (92 ms)
  √ measure movement 255 (79 ms)
  √ measure movement 174 (90 ms)
  √ measure movement 175 (81 ms)
  √ measure movement 263 (82 ms)
  √ measure movement 116 (75 ms)
  √ measure movement 157 (75 ms)
  √ measure movement 193 (275 ms)
  √ measure movement 282 (136 ms)
  √ measure movement 283 (73 ms)
  √ measure movement 53 (128 ms)
  √ measure movement 82 (124 ms)
  √ measure movement 138 (129 ms)
  √ measure movement 163 (124 ms)
  √ measure movement 125 (286 ms)
  √ measure movement 161 (131 ms)
  √ measure movement 225 (77 ms)
  √ measure movement 226 (82 ms)
  √ measure movement 40 (89 ms)
  √ measure movement 132 (81 ms)
  √ measure movement 214 (75 ms)
  √ measure movement 90 (72 ms)
  √ measure movement 222 (72 ms)
  √ measure movement 223 (134 ms)
  √ measure movement 92 (433 ms)
  √ measure movement 158 (221 ms)
  √ measure movement 253 (240 ms)
  √ measure movement 73 (214 ms)
  √ measure movement 173 (208 ms)
  √ measure movement 245 (68 ms)
  √ measure movement 29 (70 ms)
  √ measure movement 75 (69 ms)
  √ measure movement 51 (68 ms)
  √ measure movement 286 (70 ms)
  √ measure movement 110 (72 ms)
  √ measure movement 143 (274 ms)
  √ measure movement 122 (236 ms)
  √ measure movement 234 (73 ms)
  √ measure movement 135 (82 ms)
  √ measure movement 187 (73 ms)
  √ measure movement 80 (181 ms)
  √ measure movement 262 (183 ms)
  √ measure movement 292 (418 ms)
  √ measure movement 264 (206 ms)
  √ measure movement 49 (199 ms)
  √ measure movement 178 (181 ms)
  √ measure movement 220 (404 ms)
  √ measure movement 84 (170 ms)
  √ measure movement 52 (166 ms)

Test Suites: 1 passed, 1 total
Tests:       132 passed, 132 total
Snapshots:   0 total
Time:        24.471 s
Ran all test suites matching /__opusAuditProbe/i.
probe exit=0
