PASS apps/mobile/test/components/__opusAuditProbe.frameFit.test.js (22.597 s)
  √ measure movement 14 (833 ms)
  √ measure movement 55 (143 ms)
  √ measure movement 9 (274 ms)
  √ measure movement 113 (163 ms)
  √ measure movement 287 (245 ms)
  √ measure movement 86 (93 ms)
  √ measure movement 100 (99 ms)
  √ measure movement 128 (132 ms)
  √ measure movement 133 (379 ms)
  √ measure movement 141 (125 ms)
  √ measure movement 168 (124 ms)
  √ measure movement 185 (114 ms)
  √ measure movement 196 (84 ms)
  √ measure movement 246 (110 ms)
  √ measure movement 227 (194 ms)
  √ measure movement 22 (254 ms)
  √ measure movement 30 (85 ms)
  √ measure movement 117 (115 ms)
  √ measure movement 238 (82 ms)
  √ measure movement 273 (90 ms)
  √ measure movement 142 (206 ms)
  √ measure movement 144 (129 ms)
  √ measure movement 146 (273 ms)
  √ measure movement 147 (79 ms)
  √ measure movement 32 (133 ms)
  √ measure movement 115 (131 ms)
  √ measure movement 197 (132 ms)
  √ measure movement 198 (140 ms)
  √ measure movement 224 (384 ms)
  √ measure movement 127 (139 ms)
  √ measure movement 274 (138 ms)
  √ measure movement 280 (132 ms)
  √ measure movement 284 (136 ms)
  √ measure movement 76 (119 ms)
  √ measure movement 118 (366 ms)
  √ measure movement 15 (51 ms)
  √ measure movement 10 (75 ms)
  √ measure movement 11 (114 ms)
  √ measure movement 12 (76 ms)
  √ measure movement 247 (79 ms)
  √ measure movement 21 (201 ms)
  √ measure movement 74 (288 ms)
  √ measure movement 103 (197 ms)
  √ measure movement 169 (161 ms)
  √ measure movement 294 (138 ms)
  √ measure movement 298 (126 ms)
  √ measure movement 300 (245 ms)
  √ measure movement 97 (257 ms)
  √ measure movement 54 (79 ms)
  √ measure movement 17 (373 ms)
  √ measure movement 19 (139 ms)
  √ measure movement 20 (399 ms)
  √ measure movement 39 (112 ms)
  √ measure movement 62 (72 ms)
  √ measure movement 186 (87 ms)
  √ measure movement 267 (124 ms)
  √ measure movement 270 (127 ms)
  √ measure movement 34 (106 ms)
  √ measure movement 106 (352 ms)
  √ measure movement 167 (111 ms)
  √ measure movement 199 (107 ms)
  √ measure movement 114 (114 ms)
  √ measure movement 260 (115 ms)
  √ measure movement 278 (120 ms)
  √ measure movement 126 (271 ms)
  √ measure movement 172 (239 ms)
  √ measure movement 134 (150 ms)
  √ measure movement 212 (143 ms)
  √ measure movement 216 (167 ms)
  √ measure movement 218 (189 ms)
  √ measure movement 24 (308 ms)
  √ measure movement 159 (189 ms)
  √ measure movement 25 (84 ms)
  √ measure movement 251 (94 ms)
  √ measure movement 111 (111 ms)
  √ measure movement 191 (112 ms)
  √ measure movement 26 (216 ms)
  √ measure movement 42 (183 ms)
  √ measure movement 44 (107 ms)
  √ measure movement 57 (72 ms)
  √ measure movement 59 (75 ms)
  √ measure movement 266 (78 ms)
  √ measure movement 60 (62 ms)
  √ measure movement 254 (71 ms)
  √ measure movement 255 (64 ms)
  √ measure movement 174 (73 ms)
  √ measure movement 175 (190 ms)
  √ measure movement 263 (201 ms)
  √ measure movement 116 (68 ms)
  √ measure movement 157 (65 ms)
  √ measure movement 193 (66 ms)
  √ measure movement 282 (67 ms)
  √ measure movement 283 (67 ms)
  √ measure movement 53 (110 ms)
  √ measure movement 82 (121 ms)
  √ measure movement 138 (239 ms)
  √ measure movement 163 (252 ms)
  √ measure movement 125 (80 ms)
  √ measure movement 161 (79 ms)
  √ measure movement 225 (73 ms)
  √ measure movement 226 (78 ms)
  √ measure movement 40 (79 ms)
  √ measure movement 132 (75 ms)
  √ measure movement 214 (74 ms)
  √ measure movement 90 (91 ms)
  √ measure movement 222 (246 ms)
  √ measure movement 223 (109 ms)
  √ measure movement 92 (208 ms)
  √ measure movement 158 (200 ms)
  √ measure movement 253 (275 ms)
  √ measure movement 73 (241 ms)
  √ measure movement 173 (86 ms)
  √ measure movement 245 (64 ms)
  √ measure movement 29 (62 ms)
  √ measure movement 75 (61 ms)
  √ measure movement 51 (62 ms)
  √ measure movement 286 (62 ms)
  √ measure movement 110 (63 ms)
  √ measure movement 143 (187 ms)
  √ measure movement 122 (129 ms)
  √ measure movement 234 (233 ms)
  √ measure movement 135 (71 ms)
  √ measure movement 187 (86 ms)
  √ measure movement 80 (199 ms)
  √ measure movement 262 (194 ms)
  √ measure movement 292 (330 ms)
  √ measure movement 264 (284 ms)
  √ measure movement 49 (157 ms)
  √ measure movement 178 (189 ms)
  √ measure movement 220 (160 ms)
  √ measure movement 84 (420 ms)
  √ measure movement 52 (160 ms)

Test Suites: 1 passed, 1 total
Tests:       132 passed, 132 total
Snapshots:   0 total
Time:        23.175 s
Ran all test suites matching /__opusAuditProbe/i.
