PASS apps/mobile/test/components/__opusAuditProbe.v2.test.js (22.758 s)
  √ measure movement 14 (771 ms)
  √ measure movement 55 (148 ms)
  √ measure movement 9 (153 ms)
  √ measure movement 113 (275 ms)
  √ measure movement 287 (256 ms)
  √ measure movement 86 (94 ms)
  √ measure movement 100 (104 ms)
  √ measure movement 128 (128 ms)
  √ measure movement 133 (233 ms)
  √ measure movement 141 (236 ms)
  √ measure movement 168 (123 ms)
  √ measure movement 185 (117 ms)
  √ measure movement 196 (87 ms)
  √ measure movement 246 (114 ms)
  √ measure movement 227 (118 ms)
  √ measure movement 22 (189 ms)
  √ measure movement 30 (227 ms)
  √ measure movement 117 (118 ms)
  √ measure movement 238 (85 ms)
  √ measure movement 273 (88 ms)
  √ measure movement 142 (225 ms)
  √ measure movement 144 (87 ms)
  √ measure movement 146 (232 ms)
  √ measure movement 147 (190 ms)
  √ measure movement 32 (139 ms)
  √ measure movement 115 (149 ms)
  √ measure movement 197 (144 ms)
  √ measure movement 198 (138 ms)
  √ measure movement 224 (379 ms)
  √ measure movement 127 (135 ms)
  √ measure movement 274 (133 ms)
  √ measure movement 280 (131 ms)
  √ measure movement 284 (140 ms)
  √ measure movement 76 (114 ms)
  √ measure movement 118 (348 ms)
  √ measure movement 15 (54 ms)
  √ measure movement 10 (75 ms)
  √ measure movement 11 (116 ms)
  √ measure movement 12 (77 ms)
  √ measure movement 247 (79 ms)
  √ measure movement 21 (218 ms)
  √ measure movement 74 (286 ms)
  √ measure movement 103 (206 ms)
  √ measure movement 169 (158 ms)
  √ measure movement 294 (150 ms)
  √ measure movement 298 (128 ms)
  √ measure movement 300 (309 ms)
  √ measure movement 97 (217 ms)
  √ measure movement 54 (88 ms)
  √ measure movement 17 (366 ms)
  √ measure movement 19 (200 ms)
  √ measure movement 20 (370 ms)
  √ measure movement 39 (137 ms)
  √ measure movement 62 (74 ms)
  √ measure movement 186 (75 ms)
  √ measure movement 267 (131 ms)
  √ measure movement 270 (133 ms)
  √ measure movement 34 (355 ms)
  √ measure movement 106 (117 ms)
  √ measure movement 167 (111 ms)
  √ measure movement 199 (112 ms)
  √ measure movement 114 (122 ms)
  √ measure movement 260 (125 ms)
  √ measure movement 278 (278 ms)
  √ measure movement 126 (246 ms)
  √ measure movement 172 (124 ms)
  √ measure movement 134 (151 ms)
  √ measure movement 212 (149 ms)
  √ measure movement 216 (311 ms)
  √ measure movement 218 (251 ms)
  √ measure movement 24 (85 ms)
  √ measure movement 159 (174 ms)
  √ measure movement 25 (81 ms)
  √ measure movement 251 (92 ms)
  √ measure movement 111 (117 ms)
  √ measure movement 191 (354 ms)
  √ measure movement 26 (80 ms)
  √ measure movement 42 (82 ms)
  √ measure movement 44 (121 ms)
  √ measure movement 57 (74 ms)
  √ measure movement 59 (79 ms)
  √ measure movement 266 (77 ms)
  √ measure movement 60 (67 ms)
  √ measure movement 254 (75 ms)
  √ measure movement 255 (228 ms)
  √ measure movement 174 (159 ms)
  √ measure movement 175 (76 ms)
  √ measure movement 263 (80 ms)
  √ measure movement 116 (73 ms)
  √ measure movement 157 (68 ms)
  √ measure movement 193 (68 ms)
  √ measure movement 282 (71 ms)
  √ measure movement 283 (72 ms)
  √ measure movement 53 (133 ms)
  √ measure movement 82 (341 ms)
  √ measure movement 138 (121 ms)
  √ measure movement 163 (123 ms)
  √ measure movement 125 (77 ms)
  √ measure movement 161 (78 ms)
  √ measure movement 225 (74 ms)
  √ measure movement 226 (77 ms)
  √ measure movement 40 (88 ms)
  √ measure movement 132 (296 ms)
  √ measure movement 214 (98 ms)
  √ measure movement 90 (70 ms)
  √ measure movement 222 (67 ms)
  √ measure movement 223 (68 ms)
  √ measure movement 92 (214 ms)
  √ measure movement 158 (271 ms)
  √ measure movement 253 (392 ms)
  √ measure movement 73 (65 ms)
  √ measure movement 173 (65 ms)
  √ measure movement 245 (65 ms)
  √ measure movement 29 (71 ms)
  √ measure movement 75 (65 ms)
  √ measure movement 51 (69 ms)
  √ measure movement 286 (70 ms)
  √ measure movement 110 (105 ms)
  √ measure movement 143 (414 ms)
  √ measure movement 122 (68 ms)
  √ measure movement 234 (68 ms)
  √ measure movement 135 (76 ms)
  √ measure movement 187 (74 ms)
  √ measure movement 80 (183 ms)
  √ measure movement 262 (428 ms)
  √ measure movement 292 (184 ms)
  √ measure movement 264 (217 ms)
  √ measure movement 49 (165 ms)
  √ measure movement 178 (408 ms)
  √ measure movement 220 (161 ms)
  √ measure movement 84 (163 ms)
  √ measure movement 52 (165 ms)

Test Suites: 1 passed, 1 total
Tests:       132 passed, 132 total
Snapshots:   0 total
Time:        23.329 s
Ran all test suites matching /__opusAuditProbe/i.
probe exit=0
