source commit: 2486caec8d620d93d4eebb2e09ac8f0e7dcd636d
command: node --expose-gc tools/rendering/verify_preview_storage.mjs

{
  "runtime": "v24.11.1",
  "scope": "Host storage and retained JSON-clone regression only; no native peak memory/frame-timing/4GBphone acceptance",
  "records": 169,
  "families": 67,
  "rawBytes": 493189,
  "gzipBytes": 76544,
  "largestFamily": {
    "file": "horizontal-press__supine.json",
    "rawBytes": 40359
  },
  "singleFamily": {
    "samples": [
      89304,
      93944,
      94072,
      94072,
      94304
    ],
    "medianBytes": 94072
  },
  "allFamilies": {
    "samples": [
      1300720,
      1299840,
      1299792,
      1299792,
      1299792
    ],
    "medianBytes": 1299792
  },
  "budgets": {
    "rawBytes": 1048576,
    "gzipBytes": 196608,
    "familyBytes": 65536,
    "singleFamilyMaxBytes": 262144,
    "allFamiliesMaxBytes": 2097152
  },
  "checks": {
    "aggregateRaw": true,
    "aggregateGzip": true,
    "everyFamily": true,
    "singleFamilyClone": true,
    "allFamiliesClone": true
  },
  "pass": true
}
exit code: 0
