FAIL acceptance-evidence/dot/runtime-audit/recheck52.test.js (11.196 s)
  ΓêÜ 52 full actual RN View cycle and terminal closure (neutral) (2094 ms)
  ΓêÜ 52 full actual RN View cycle and terminal closure (male) (567 ms)
  ΓêÜ 52 full actual RN View cycle and terminal closure (female) (575 ms)
  ├ù 52 authored reduced-motion bounds, contact, captions and accessibility (neutral) (6 ms)
  ├ù 52 authored reduced-motion bounds, contact, captions and accessibility (male) (6 ms)
  ├ù 52 authored reduced-motion bounds, contact, captions and accessibility (female) (5 ms)
  ΓêÜ 52 pause/resume/background/reduced-motion/identity/unmount (neutral) (20 ms)
  ΓêÜ 52 pause/resume/background/reduced-motion/identity/unmount (male) (17 ms)
  ΓêÜ 52 pause/resume/background/reduced-motion/identity/unmount (female) (16 ms)
  ΓêÜ 52 real source remains pending and default global gate never opens

  ΓùÅ 52 authored reduced-motion bounds, contact, captions and accessibility (neutral)

    TypeError: control(...).props.style is not a function

      27 |  for(let t=0;t<=total+33;t+=33){const phase=poseAtTime(e.frames.map(f=>f.joints),Math.min(t,total),segs).rl;expect(JSON.stringify(inspect(body,phase,t))).toEqual(front);act(()=>jest.advanceTimersByTime(33));}expect(drawing()).toEqual(first);expect(control()).toHaveTextContent('REPLAY');expect(screen.getByTestId('movement-preview-position')).toHaveTextContent('Position 6 of 6');noMotion();act(()=>jest.advanceTimersByTime(30000));expect(drawing()).toEqual(first);
      28 | });
    > 29 | test.each(Object.keys(DUAL_BODY_PARAMETERS))('52 authored reduced-motion bounds, contact, captions and accessibility (%s)',async body=>{const e=fixtures.get(52);render(<MovementPreview movement={subject(52)} bodyType={body} reducedMotion={true}/>);await act(async()=>{});const first=drawing();for(let i=0;i<e.frames.length;i++){inspect(body,e.frames[i].joints.rl,'authored-'+i);expect(control().props.accessibilityRole).toBe('button');expect(control().props.accessibilityLabel).toBe('Show the next position of the '+e.name+' preview');expect(StyleSheet.flatten(control().props.style({pressed:false})).minHeight).toBeGreaterThanOrEqual(theme.touch.min);expect(screen.getByTestId('movement-preview-caption')).toHaveTextContent(e.frames[i].caption);expect(screen.getByTestId('movement-preview-figure').props.accessibilityLabel).toContain(e.frames[i].caption);noMotion();fireEvent.press(control());}expect(drawing()).toEqual(first);noMotion();});
         |                                                                                                                                                                                                                                                                                                                                                                                                                                                                                                                                                                                                  ^
      30 | test.each(Object.keys(DUAL_BODY_PARAMETERS))('52 pause/resume/background/reduced-motion/identity/unmount (%s)',async body=>{let listener;const remove=jest.fn();jest.spyOn(AppState,'addEventListener').mockImplementation((type,fn)=>{listener=fn;return{remove};});const view=render(<MovementPreview movement={subject(52)} bodyType={body} reducedMotion={false}/>);await act(async()=>{});noMotion();fireEvent.press(control());act(()=>jest.advanceTimersByTime(264));const paused=drawing();fireEvent.press(control());expect(drawing()).toEqual(paused);noMotion();act(()=>jest.advanceTimersByTime(1000));expect(drawing()).toEqual(paused);fireEvent.press(control());act(()=>jest.advanceTimersByTime(33));expect(drawing()).not.toEqual(paused);const held=drawing();act(()=>listener('background'));expect(drawing()).toEqual(held);noMotion();act(()=>listener('active'));act(()=>jest.advanceTimersByTime(1000));expect(drawing()).toEqual(held);fireEvent.press(control());view.rerender(<MovementPreview movement={subject(52)} bodyType={body} reducedMotion={true}/>);noMotion();view.rerender(<MovementPreview movement={subject(53)} bodyType={body} reducedMotion={false}/>);expect(control()).toHaveTextContent('PLAY');expect(screen.getByTestId('movement-preview-position')).toHaveTextContent('Position 1 of 6');noMotion();fireEvent.press(control());view.rerender(<MovementPreview movement={{movement_id:99999}} bodyType={body} reducedMotion={false}/>);expect(screen.queryByTestId('movement-preview-control')).toBeNull();noMotion();view.unmount();expect(remove).toHaveBeenCalledTimes(1);});
      31 | test('52 real source remains pending and default global gate never opens',()=>{expect(raw.entries.find(e=>e.movementId===52).status).toBe('pending');jest.restoreAllMocks();expect(manifest.resolveMovementPreview(subject(52))).toBeNull();});
      32 | afterAll(()=>fs.writeFileSync(path.join(__dirname,'actual-rn-results.json'),JSON.stringify(measurements,null,2)+'\n'));

      at style (../../acceptance-evidence/dot/runtime-audit/recheck52.test.js:29:578)
      at asyncGeneratorStep (../../node_modules/@babel/runtime/helpers/asyncToGenerator.js:3:17)
      at _next (../../node_modules/@babel/runtime/helpers/asyncToGenerator.js:17:9)

  ΓùÅ 52 authored reduced-motion bounds, contact, captions and accessibility (male)

    TypeError: control(...).props.style is not a function

      27 |  for(let t=0;t<=total+33;t+=33){const phase=poseAtTime(e.frames.map(f=>f.joints),Math.min(t,total),segs).rl;expect(JSON.stringify(inspect(body,phase,t))).toEqual(front);act(()=>jest.advanceTimersByTime(33));}expect(drawing()).toEqual(first);expect(control()).toHaveTextContent('REPLAY');expect(screen.getByTestId('movement-preview-position')).toHaveTextContent('Position 6 of 6');noMotion();act(()=>jest.advanceTimersByTime(30000));expect(drawing()).toEqual(first);
      28 | });
    > 29 | test.each(Object.keys(DUAL_BODY_PARAMETERS))('52 authored reduced-motion bounds, contact, captions and accessibility (%s)',async body=>{const e=fixtures.get(52);render(<MovementPreview movement={subject(52)} bodyType={body} reducedMotion={true}/>);await act(async()=>{});const first=drawing();for(let i=0;i<e.frames.length;i++){inspect(body,e.frames[i].joints.rl,'authored-'+i);expect(control().props.accessibilityRole).toBe('button');expect(control().props.accessibilityLabel).toBe('Show the next position of the '+e.name+' preview');expect(StyleSheet.flatten(control().props.style({pressed:false})).minHeight).toBeGreaterThanOrEqual(theme.touch.min);expect(screen.getByTestId('movement-preview-caption')).toHaveTextContent(e.frames[i].caption);expect(screen.getByTestId('movement-preview-figure').props.accessibilityLabel).toContain(e.frames[i].caption);noMotion();fireEvent.press(control());}expect(drawing()).toEqual(first);noMotion();});
         |                                                                                                                                                                                                                                                                                                                                                                                                                                                                                                                                                                                                  ^
      30 | test.each(Object.keys(DUAL_BODY_PARAMETERS))('52 pause/resume/background/reduced-motion/identity/unmount (%s)',async body=>{let listener;const remove=jest.fn();jest.spyOn(AppState,'addEventListener').mockImplementation((type,fn)=>{listener=fn;return{remove};});const view=render(<MovementPreview movement={subject(52)} bodyType={body} reducedMotion={false}/>);await act(async()=>{});noMotion();fireEvent.press(control());act(()=>jest.advanceTimersByTime(264));const paused=drawing();fireEvent.press(control());expect(drawing()).toEqual(paused);noMotion();act(()=>jest.advanceTimersByTime(1000));expect(drawing()).toEqual(paused);fireEvent.press(control());act(()=>jest.advanceTimersByTime(33));expect(drawing()).not.toEqual(paused);const held=drawing();act(()=>listener('background'));expect(drawing()).toEqual(held);noMotion();act(()=>listener('active'));act(()=>jest.advanceTimersByTime(1000));expect(drawing()).toEqual(held);fireEvent.press(control());view.rerender(<MovementPreview movement={subject(52)} bodyType={body} reducedMotion={true}/>);noMotion();view.rerender(<MovementPreview movement={subject(53)} bodyType={body} reducedMotion={false}/>);expect(control()).toHaveTextContent('PLAY');expect(screen.getByTestId('movement-preview-position')).toHaveTextContent('Position 1 of 6');noMotion();fireEvent.press(control());view.rerender(<MovementPreview movement={{movement_id:99999}} bodyType={body} reducedMotion={false}/>);expect(screen.queryByTestId('movement-preview-control')).toBeNull();noMotion();view.unmount();expect(remove).toHaveBeenCalledTimes(1);});
      31 | test('52 real source remains pending and default global gate never opens',()=>{expect(raw.entries.find(e=>e.movementId===52).status).toBe('pending');jest.restoreAllMocks();expect(manifest.resolveMovementPreview(subject(52))).toBeNull();});
      32 | afterAll(()=>fs.writeFileSync(path.join(__dirname,'actual-rn-results.json'),JSON.stringify(measurements,null,2)+'\n'));

      at style (../../acceptance-evidence/dot/runtime-audit/recheck52.test.js:29:578)
      at asyncGeneratorStep (../../node_modules/@babel/runtime/helpers/asyncToGenerator.js:3:17)
      at _next (../../node_modules/@babel/runtime/helpers/asyncToGenerator.js:17:9)

  ΓùÅ 52 authored reduced-motion bounds, contact, captions and accessibility (female)

    TypeError: control(...).props.style is not a function

      27 |  for(let t=0;t<=total+33;t+=33){const phase=poseAtTime(e.frames.map(f=>f.joints),Math.min(t,total),segs).rl;expect(JSON.stringify(inspect(body,phase,t))).toEqual(front);act(()=>jest.advanceTimersByTime(33));}expect(drawing()).toEqual(first);expect(control()).toHaveTextContent('REPLAY');expect(screen.getByTestId('movement-preview-position')).toHaveTextContent('Position 6 of 6');noMotion();act(()=>jest.advanceTimersByTime(30000));expect(drawing()).toEqual(first);
      28 | });
    > 29 | test.each(Object.keys(DUAL_BODY_PARAMETERS))('52 authored reduced-motion bounds, contact, captions and accessibility (%s)',async body=>{const e=fixtures.get(52);render(<MovementPreview movement={subject(52)} bodyType={body} reducedMotion={true}/>);await act(async()=>{});const first=drawing();for(let i=0;i<e.frames.length;i++){inspect(body,e.frames[i].joints.rl,'authored-'+i);expect(control().props.accessibilityRole).toBe('button');expect(control().props.accessibilityLabel).toBe('Show the next position of the '+e.name+' preview');expect(StyleSheet.flatten(control().props.style({pressed:false})).minHeight).toBeGreaterThanOrEqual(theme.touch.min);expect(screen.getByTestId('movement-preview-caption')).toHaveTextContent(e.frames[i].caption);expect(screen.getByTestId('movement-preview-figure').props.accessibilityLabel).toContain(e.frames[i].caption);noMotion();fireEvent.press(control());}expect(drawing()).toEqual(first);noMotion();});
         |                                                                                                                                                                                                                                                                                                                                                                                                                                                                                                                                                                                                  ^
      30 | test.each(Object.keys(DUAL_BODY_PARAMETERS))('52 pause/resume/background/reduced-motion/identity/unmount (%s)',async body=>{let listener;const remove=jest.fn();jest.spyOn(AppState,'addEventListener').mockImplementation((type,fn)=>{listener=fn;return{remove};});const view=render(<MovementPreview movement={subject(52)} bodyType={body} reducedMotion={false}/>);await act(async()=>{});noMotion();fireEvent.press(control());act(()=>jest.advanceTimersByTime(264));const paused=drawing();fireEvent.press(control());expect(drawing()).toEqual(paused);noMotion();act(()=>jest.advanceTimersByTime(1000));expect(drawing()).toEqual(paused);fireEvent.press(control());act(()=>jest.advanceTimersByTime(33));expect(drawing()).not.toEqual(paused);const held=drawing();act(()=>listener('background'));expect(drawing()).toEqual(held);noMotion();act(()=>listener('active'));act(()=>jest.advanceTimersByTime(1000));expect(drawing()).toEqual(held);fireEvent.press(control());view.rerender(<MovementPreview movement={subject(52)} bodyType={body} reducedMotion={true}/>);noMotion();view.rerender(<MovementPreview movement={subject(53)} bodyType={body} reducedMotion={false}/>);expect(control()).toHaveTextContent('PLAY');expect(screen.getByTestId('movement-preview-position')).toHaveTextContent('Position 1 of 6');noMotion();fireEvent.press(control());view.rerender(<MovementPreview movement={{movement_id:99999}} bodyType={body} reducedMotion={false}/>);expect(screen.queryByTestId('movement-preview-control')).toBeNull();noMotion();view.unmount();expect(remove).toHaveBeenCalledTimes(1);});
      31 | test('52 real source remains pending and default global gate never opens',()=>{expect(raw.entries.find(e=>e.movementId===52).status).toBe('pending');jest.restoreAllMocks();expect(manifest.resolveMovementPreview(subject(52))).toBeNull();});
      32 | afterAll(()=>fs.writeFileSync(path.join(__dirname,'actual-rn-results.json'),JSON.stringify(measurements,null,2)+'\n'));

      at style (../../acceptance-evidence/dot/runtime-audit/recheck52.test.js:29:578)
      at asyncGeneratorStep (../../node_modules/@babel/runtime/helpers/asyncToGenerator.js:3:17)
      at _next (../../node_modules/@babel/runtime/helpers/asyncToGenerator.js:17:9)

Test Suites: 1 failed, 1 total
Tests:       3 failed, 7 passed, 10 total
Snapshots:   0 total
Time:        21.437 s
Ran all test suites.
Test results written to: acceptance-evidence\dot\runtime-audit\component-results.json
