?? acceptance-evidence/dot/baseline/ALL_300_COVERAGE_LEDGER.json
?? acceptance-evidence/dot/baseline/catalogue-source-hashes.json
?? acceptance-evidence/dot/baseline/fetch-embedder.log
?? acceptance-evidence/dot/baseline/handoff-hash-verification.json
?? acceptance-evidence/dot/baseline/ledger-negative-controls.log
?? acceptance-evidence/dot/baseline/native-config.log
?? acceptance-evidence/dot/baseline/storage.log
?? acceptance-evidence/dot/baseline/typecheck.log
?? acceptance-evidence/dot/baseline/verify-ci.log
?? acceptance-evidence/dot/recheck52-cards/dumbbell-reverse-lunge_neutral_320px_pos1.png
?? acceptance-evidence/dot/recheck52-cards/dumbbell-reverse-lunge_neutral_320px_pos1.svg
?? acceptance-evidence/dot/recheck52-cards/dumbbell-reverse-lunge_neutral_320px_pos2.png
?? acceptance-evidence/dot/recheck52-cards/dumbbell-reverse-lunge_neutral_320px_pos2.svg
?? acceptance-evidence/dot/recheck52-cards/dumbbell-reverse-lunge_neutral_320px_pos3.png
?? acceptance-evidence/dot/recheck52-cards/dumbbell-reverse-lunge_neutral_320px_pos3.svg
?? acceptance-evidence/dot/recheck52-cards/dumbbell-reverse-lunge_neutral_320px_pos4.png
?? acceptance-evidence/dot/recheck52-cards/dumbbell-reverse-lunge_neutral_320px_pos4.svg
?? acceptance-evidence/dot/recheck52-cards/dumbbell-reverse-lunge_neutral_320px_pos5.png
?? acceptance-evidence/dot/recheck52-cards/dumbbell-reverse-lunge_neutral_320px_pos5.svg
?? acceptance-evidence/dot/recheck52-cards/dumbbell-reverse-lunge_neutral_320px_pos6.png
?? acceptance-evidence/dot/recheck52-cards/dumbbell-reverse-lunge_neutral_320px_pos6.svg
?? acceptance-evidence/dot/recheck52-cards/dumbbell-reverse-lunge_neutral_320px_sheet.png
?? acceptance-evidence/dot/recheck52-cards/dumbbell-reverse-lunge_neutral_320px_sheet.svg
?? acceptance-evidence/dot/recheck52-cards/dumbbell-reverse-lunge_neutral_390px_pos1.png
?? acceptance-evidence/dot/recheck52-cards/dumbbell-reverse-lunge_neutral_390px_pos1.svg
?? acceptance-evidence/dot/recheck52-cards/dumbbell-reverse-lunge_neutral_390px_pos2.png
?? acceptance-evidence/dot/recheck52-cards/dumbbell-reverse-lunge_neutral_390px_pos2.svg
?? acceptance-evidence/dot/recheck52-cards/dumbbell-reverse-lunge_neutral_390px_pos3.png
?? acceptance-evidence/dot/recheck52-cards/dumbbell-reverse-lunge_neutral_390px_pos3.svg
?? acceptance-evidence/dot/recheck52-cards/dumbbell-reverse-lunge_neutral_390px_pos4.png
?? acceptance-evidence/dot/recheck52-cards/dumbbell-reverse-lunge_neutral_390px_pos4.svg
?? acceptance-evidence/dot/recheck52-cards/dumbbell-reverse-lunge_neutral_390px_pos5.png
?? acceptance-evidence/dot/recheck52-cards/dumbbell-reverse-lunge_neutral_390px_pos5.svg
?? acceptance-evidence/dot/recheck52-cards/dumbbell-reverse-lunge_neutral_390px_pos6.png
?? acceptance-evidence/dot/recheck52-cards/dumbbell-reverse-lunge_neutral_390px_pos6.svg
?? acceptance-evidence/dot/recheck52-cards/dumbbell-reverse-lunge_neutral_390px_sheet.png
?? acceptance-evidence/dot/recheck52-cards/dumbbell-reverse-lunge_neutral_390px_sheet.svg
?? acceptance-evidence/dot/recheck52-cards/dumbbell-reverse-lunge_neutral_app240_pos1.png
?? acceptance-evidence/dot/recheck52-cards/dumbbell-reverse-lunge_neutral_app240_pos1.svg
?? acceptance-evidence/dot/recheck52-cards/dumbbell-reverse-lunge_neutral_app240_pos2.png
?? acceptance-evidence/dot/recheck52-cards/dumbbell-reverse-lunge_neutral_app240_pos2.svg
?? acceptance-evidence/dot/recheck52-cards/dumbbell-reverse-lunge_neutral_app240_pos3.png
?? acceptance-evidence/dot/recheck52-cards/dumbbell-reverse-lunge_neutral_app240_pos3.svg
?? acceptance-evidence/dot/recheck52-cards/dumbbell-reverse-lunge_neutral_app240_pos4.png
?? acceptance-evidence/dot/recheck52-cards/dumbbell-reverse-lunge_neutral_app240_pos4.svg
?? acceptance-evidence/dot/recheck52-cards/dumbbell-reverse-lunge_neutral_app240_pos5.png
?? acceptance-evidence/dot/recheck52-cards/dumbbell-reverse-lunge_neutral_app240_pos5.svg
?? acceptance-evidence/dot/recheck52-cards/dumbbell-reverse-lunge_neutral_app240_pos6.png
?? acceptance-evidence/dot/recheck52-cards/dumbbell-reverse-lunge_neutral_app240_pos6.svg
?? acceptance-evidence/dot/recheck52-cards/dumbbell-reverse-lunge_neutral_app240_sheet.png
?? acceptance-evidence/dot/recheck52-cards/dumbbell-reverse-lunge_neutral_app240_sheet.svg
?? acceptance-evidence/dot/recheck52-cards/evidence_index.json
?? acceptance-evidence/dot/recheck52-cycles/cycle_evidence.json
?? acceptance-evidence/dot/recheck52-cycles/movement-138/female-cycle.html
?? acceptance-evidence/dot/recheck52-cycles/movement-138/female-cycle.png
?? acceptance-evidence/dot/recheck52-cycles/movement-138/male-cycle.html
?? acceptance-evidence/dot/recheck52-cycles/movement-138/male-cycle.png
?? acceptance-evidence/dot/recheck52-cycles/movement-138/neutral-cycle.html
?? acceptance-evidence/dot/recheck52-cycles/movement-138/neutral-cycle.png
?? acceptance-evidence/dot/recheck52-cycles/movement-143/female-cycle.html
?? acceptance-evidence/dot/recheck52-cycles/movement-143/female-cycle.png
?? acceptance-evidence/dot/recheck52-cycles/movement-143/male-cycle.html
?? acceptance-evidence/dot/recheck52-cycles/movement-143/male-cycle.png
?? acceptance-evidence/dot/recheck52-cycles/movement-143/neutral-cycle.html
?? acceptance-evidence/dot/recheck52-cycles/movement-143/neutral-cycle.png
?? acceptance-evidence/dot/recheck52-cycles/movement-158/female-cycle.html
?? acceptance-evidence/dot/recheck52-cycles/movement-158/female-cycle.png
?? acceptance-evidence/dot/recheck52-cycles/movement-158/male-cycle.html
?? acceptance-evidence/dot/recheck52-cycles/movement-158/male-cycle.png
?? acceptance-evidence/dot/recheck52-cycles/movement-158/neutral-cycle.html
?? acceptance-evidence/dot/recheck52-cycles/movement-158/neutral-cycle.png
?? acceptance-evidence/dot/recheck52-cycles/movement-163/female-cycle.html
?? acceptance-evidence/dot/recheck52-cycles/movement-163/female-cycle.png
?? acceptance-evidence/dot/recheck52-cycles/movement-163/male-cycle.html
?? acceptance-evidence/dot/recheck52-cycles/movement-163/male-cycle.png
?? acceptance-evidence/dot/recheck52-cycles/movement-163/neutral-cycle.html
?? acceptance-evidence/dot/recheck52-cycles/movement-163/neutral-cycle.png
?? acceptance-evidence/dot/recheck52-cycles/movement-178/female-cycle.html
?? acceptance-evidence/dot/recheck52-cycles/movement-178/female-cycle.png
?? acceptance-evidence/dot/recheck52-cycles/movement-178/male-cycle.html
?? acceptance-evidence/dot/recheck52-cycles/movement-178/male-cycle.png
?? acceptance-evidence/dot/recheck52-cycles/movement-178/neutral-cycle.html
?? acceptance-evidence/dot/recheck52-cycles/movement-178/neutral-cycle.png
?? acceptance-evidence/dot/recheck52-cycles/movement-220/female-cycle.html
?? acceptance-evidence/dot/recheck52-cycles/movement-220/female-cycle.png
?? acceptance-evidence/dot/recheck52-cycles/movement-220/male-cycle.html
?? acceptance-evidence/dot/recheck52-cycles/movement-220/male-cycle.png
?? acceptance-evidence/dot/recheck52-cycles/movement-220/neutral-cycle.html
?? acceptance-evidence/dot/recheck52-cycles/movement-220/neutral-cycle.png
?? acceptance-evidence/dot/recheck52-cycles/movement-253/female-cycle.html
?? acceptance-evidence/dot/recheck52-cycles/movement-253/female-cycle.png
?? acceptance-evidence/dot/recheck52-cycles/movement-253/male-cycle.html
?? acceptance-evidence/dot/recheck52-cycles/movement-253/male-cycle.png
?? acceptance-evidence/dot/recheck52-cycles/movement-253/neutral-cycle.html
?? acceptance-evidence/dot/recheck52-cycles/movement-253/neutral-cycle.png
?? acceptance-evidence/dot/recheck52-cycles/movement-262/female-cycle.html
?? acceptance-evidence/dot/recheck52-cycles/movement-262/female-cycle.png
?? acceptance-evidence/dot/recheck52-cycles/movement-262/male-cycle.html
?? acceptance-evidence/dot/recheck52-cycles/movement-262/male-cycle.png
?? acceptance-evidence/dot/recheck52-cycles/movement-262/neutral-cycle.html
?? acceptance-evidence/dot/recheck52-cycles/movement-262/neutral-cycle.png
?? acceptance-evidence/dot/recheck52-cycles/movement-264/female-cycle.html
?? acceptance-evidence/dot/recheck52-cycles/movement-264/female-cycle.png
?? acceptance-evidence/dot/recheck52-cycles/movement-264/male-cycle.html
?? acceptance-evidence/dot/recheck52-cycles/movement-264/male-cycle.png
?? acceptance-evidence/dot/recheck52-cycles/movement-264/neutral-cycle.html
?? acceptance-evidence/dot/recheck52-cycles/movement-264/neutral-cycle.png
?? acceptance-evidence/dot/recheck52-cycles/movement-292/female-cycle.html
?? acceptance-evidence/dot/recheck52-cycles/movement-292/female-cycle.png
?? acceptance-evidence/dot/recheck52-cycles/movement-292/male-cycle.html
?? acceptance-evidence/dot/recheck52-cycles/movement-292/male-cycle.png
?? acceptance-evidence/dot/recheck52-cycles/movement-292/neutral-cycle.html
?? acceptance-evidence/dot/recheck52-cycles/movement-292/neutral-cycle.png
?? acceptance-evidence/dot/recheck52-cycles/movement-49/female-cycle.html
?? acceptance-evidence/dot/recheck52-cycles/movement-49/female-cycle.png
?? acceptance-evidence/dot/recheck52-cycles/movement-49/male-cycle.html
?? acceptance-evidence/dot/recheck52-cycles/movement-49/male-cycle.png
?? acceptance-evidence/dot/recheck52-cycles/movement-49/neutral-cycle.html
?? acceptance-evidence/dot/recheck52-cycles/movement-49/neutral-cycle.png
?? acceptance-evidence/dot/recheck52-cycles/movement-52/female-cycle.html
?? acceptance-evidence/dot/recheck52-cycles/movement-52/female-cycle.png
?? acceptance-evidence/dot/recheck52-cycles/movement-52/male-cycle.html
?? acceptance-evidence/dot/recheck52-cycles/movement-52/male-cycle.png
?? acceptance-evidence/dot/recheck52-cycles/movement-52/neutral-cycle.html
?? acceptance-evidence/dot/recheck52-cycles/movement-52/neutral-cycle.png
?? acceptance-evidence/dot/recheck52-cycles/movement-53/female-cycle.html
?? acceptance-evidence/dot/recheck52-cycles/movement-53/female-cycle.png
?? acceptance-evidence/dot/recheck52-cycles/movement-53/male-cycle.html
?? acceptance-evidence/dot/recheck52-cycles/movement-53/male-cycle.png
?? acceptance-evidence/dot/recheck52-cycles/movement-53/neutral-cycle.html
?? acceptance-evidence/dot/recheck52-cycles/movement-53/neutral-cycle.png
?? acceptance-evidence/dot/recheck52-cycles/movement-80/female-cycle.html
?? acceptance-evidence/dot/recheck52-cycles/movement-80/female-cycle.png
?? acceptance-evidence/dot/recheck52-cycles/movement-80/male-cycle.html
?? acceptance-evidence/dot/recheck52-cycles/movement-80/male-cycle.png
?? acceptance-evidence/dot/recheck52-cycles/movement-80/neutral-cycle.html
?? acceptance-evidence/dot/recheck52-cycles/movement-80/neutral-cycle.png
?? acceptance-evidence/dot/recheck52-cycles/movement-82/female-cycle.html
?? acceptance-evidence/dot/recheck52-cycles/movement-82/female-cycle.png
?? acceptance-evidence/dot/recheck52-cycles/movement-82/male-cycle.html
?? acceptance-evidence/dot/recheck52-cycles/movement-82/male-cycle.png
?? acceptance-evidence/dot/recheck52-cycles/movement-82/neutral-cycle.html
?? acceptance-evidence/dot/recheck52-cycles/movement-82/neutral-cycle.png
?? acceptance-evidence/dot/recheck52-cycles/movement-84/female-cycle.html
?? acceptance-evidence/dot/recheck52-cycles/movement-84/female-cycle.png
?? acceptance-evidence/dot/recheck52-cycles/movement-84/male-cycle.html
?? acceptance-evidence/dot/recheck52-cycles/movement-84/male-cycle.png
?? acceptance-evidence/dot/recheck52-cycles/movement-84/neutral-cycle.html
?? acceptance-evidence/dot/recheck52-cycles/movement-84/neutral-cycle.png
?? acceptance-evidence/dot/recheck52-cycles/movement-92/female-cycle.html
?? acceptance-evidence/dot/recheck52-cycles/movement-92/female-cycle.png
?? acceptance-evidence/dot/recheck52-cycles/movement-92/male-cycle.html
?? acceptance-evidence/dot/recheck52-cycles/movement-92/male-cycle.png
?? acceptance-evidence/dot/recheck52-cycles/movement-92/neutral-cycle.html
?? acceptance-evidence/dot/recheck52-cycles/movement-92/neutral-cycle.png
?? acceptance-evidence/dot/runtime-audit/actual-rn-initial-results.json
?? acceptance-evidence/dot/runtime-audit/actual-rn-negative-results.json
?? acceptance-evidence/dot/runtime-audit/actual-rn-results.json
?? acceptance-evidence/dot/runtime-audit/adb-devices.log
?? acceptance-evidence/dot/runtime-audit/component-final-raw.log
?? acceptance-evidence/dot/runtime-audit/component-final-results.json
?? acceptance-evidence/dot/runtime-audit/component-initial-raw.log
?? acceptance-evidence/dot/runtime-audit/component-initial-results.json
?? acceptance-evidence/dot/runtime-audit/component-raw.log
?? acceptance-evidence/dot/runtime-audit/component-results.json
?? acceptance-evidence/dot/runtime-audit/contact-negative-raw.log
?? acceptance-evidence/dot/runtime-audit/contact-negative-results.json
?? acceptance-evidence/dot/runtime-audit/dense-phase-raw.log
?? acceptance-evidence/dot/runtime-audit/dense-phase-results.json
?? acceptance-evidence/dot/runtime-audit/dense-phase.cjs
?? acceptance-evidence/dot/runtime-audit/emulator-acceleration.log
?? acceptance-evidence/dot/runtime-audit/emulator-avds.log
?? acceptance-evidence/dot/runtime-audit/finish-initial.cjs
?? acceptance-evidence/dot/runtime-audit/fresh-figure/canonicalFigure.js
?? acceptance-evidence/dot/runtime-audit/fresh-figure/derivation.js
?? acceptance-evidence/dot/runtime-audit/github-workflows.log
?? acceptance-evidence/dot/runtime-audit/initial-freeze-after.json
?? acceptance-evidence/dot/runtime-audit/initial-freeze-before.json
?? acceptance-evidence/dot/runtime-audit/initial-freeze-results.json
?? acceptance-evidence/dot/runtime-audit/jest-audit.config.cjs
?? acceptance-evidence/dot/runtime-audit/prepare-audit.cjs
?? acceptance-evidence/dot/runtime-audit/prepare-negative.cjs
?? acceptance-evidence/dot/runtime-audit/preservation-results.json
?? acceptance-evidence/dot/runtime-audit/preserve16-initial-raw.log
?? acceptance-evidence/dot/runtime-audit/preserve16-raw.log
?? acceptance-evidence/dot/runtime-audit/preserve16.mjs
?? acceptance-evidence/dot/runtime-audit/prior-canonicalFigure.js
?? acceptance-evidence/dot/runtime-audit/prior-canonicalFigure.ts
?? acceptance-evidence/dot/runtime-audit/prior-source-receipt.json
?? acceptance-evidence/dot/runtime-audit/recheck52.initial.test.js.txt
?? acceptance-evidence/dot/runtime-audit/recheck52.test.js
?? acceptance-evidence/dot/technique-audit/INITIAL_TECHNIQUE_REVIEW.md
?? acceptance-evidence/dot/technique-audit/initial-technique-evidence.json
?? acceptance-evidence/dot/technique-audit/probe-import-failure.log
?? acceptance-evidence/dot/technique-audit/probe-initial.log
?? acceptance-evidence/dot/technique-audit/probe-initial.mjs
?? acceptance-evidence/dot/technique-audit/rear-knee-before-after.json
?? acceptance-evidence/dot/technique-audit/rear-knee-before-after.log
?? acceptance-evidence/dot/technique-audit/report-generation.log
?? acceptance-evidence/dot/technique-audit/write-report.mjs
