06-11 10:43:31.860  2799 28517 E m55.rjk : 	at bkvz.run(:com.google.android.gms@262031035@26.20.31 (260400-919905943):8)
06-11 10:43:31.860  2799 28517 E m55.rjk : 	at java.lang.Thread.run(Thread.java:1572)
06-11 10:43:34.837  1005  1005 E libbinder.IPCThreadState: binder thread pool (1 threads) starved for 108 ms
06-11 10:43:34.837  1005  3293 E WifiHAL : Creating message to get cached scan results
06-11 10:43:38.026  1005  3293 E libbinder.IPCThreadState: binder thread pool (1 threads) starved for 111 ms
06-11 10:43:38.027  1005  1005 E WifiHAL : Creating message to get cached scan results
06-11 10:43:41.205  1005  3293 E WifiHAL : Creating message to get cached scan results
06-11 10:43:44.360  1005  1005 E WifiHAL : Creating message to get cached scan results
06-11 10:43:47.199 19027 22718 E qzh     : Trace finish timed out after 1325751 ms. Complete trace: # qzu@e5443217
06-11 10:43:47.199 19027 22718 E qzh     : raa: 
06-11 10:43:47.199 19027 22718 E qzh     : 	at tk_trace.SubscriptionCallbacks.onNewData(Started After:1)
06-11 10:43:47.199 19027 22718 E qzh     : 	at tk_trace.onPostResume(Started After:0)
06-11 10:43:47.199 19027 22718 E qzh     : 	at tk_trace.finish(Started After:0)
06-11 10:43:47.547  1005  1005 E libbinder.IPCThreadState: binder thread pool (1 threads) starved for 114 ms
06-11 10:43:47.548  1005  3293 E WifiHAL : Creating message to get cached scan results
06-11 10:43:47.686  1498 28714 E FileSystemUtils: fallocate failed to punch hole: Operation not supported on transport endpoint
06-11 10:43:47.686  1498 28714 E FileSystemUtils: fallocate failed to punch hole: Operation not supported on transport endpoint
06-11 10:43:47.687  1498 28714 E FileSystemUtils: fallocate failed to punch hole: Operation not supported on transport endpoint
06-11 10:43:47.687  1498 28714 E FileSystemUtils: fallocate failed to punch hole: Operation not supported on transport endpoint
06-11 10:43:47.688  1498 28714 E FileSystemUtils: fallocate failed to punch hole: Operation not supported on transport endpoint
06-11 10:43:47.688  1498 28714 E FileSystemUtils: fallocate failed to punch hole: Operation not supported on transport endpoint
06-11 10:43:47.689  1498 28714 E FileSystemUtils: fallocate failed to punch hole: Operation not supported on transport endpoint
06-11 10:43:47.705   685  2283 E powerhal-libperfmgr: Error: shouldn't report duration during pause state.
06-11 10:43:47.939  6434 28699 E AbstractLogEventBuilder: The provided ProductIdOrigin 3 is not one of the process-level expected values: 1 or 2
06-11 10:43:48.228  6434  6796 E AbstractLogEventBuilder: The provided ProductIdOrigin 3 is not one of the process-level expected values: 1 or 2
06-11 10:43:49.374  6434  6434 E AbstractLogEventBuilder: The provided ProductIdOrigin 3 is not one of the process-level expected values: 1 or 2
06-11 10:43:49.748  6434  6796 E Finsky  : [56] Gil log event does not have a valid logging context key.
06-11 10:43:50.723  1005  3293 E WifiHAL : Creating message to get cached scan results
06-11 10:43:50.737  1005  3293 E libbinder.IPCThreadState: binder thread pool (1 threads) starved for 120 ms
06-11 10:43:53.192  6434  6795 E Finsky  : [55] Gil log event does not have a valid logging context key.
06-11 10:43:53.709  6434  6757 E Finsky  : [54] Gil log event does not have a valid logging context key.
06-11 10:43:53.906  1005  1005 E WifiHAL : Creating message to get cached scan results
06-11 10:43:53.914  1005  1005 E libbinder.IPCThreadState: binder thread pool (1 threads) starved for 114 ms
06-11 10:43:54.941  1169  2325 E MetadataRetrieverClient: offset (0) bigger than file size (0)
06-11 10:43:54.973  1169  2325 E MetadataRetrieverClient: offset (0) bigger than file size (0)
06-11 10:43:55.013  1169  2325 E MetadataRetrieverClient: offset (0) bigger than file size (0)
06-11 10:43:57.008  1005  3293 E WifiHAL : Creating message to get cached scan results
06-11 10:44:00.091  1005  1005 E WifiHAL : Creating message to get cached scan results
06-11 10:44:03.178  1005  3293 E WifiHAL : Creating message to get cached scan results
06-11 10:44:03.938  3394  3527 E TraceManagerImpl: Trace api_call timed out after 1199224 ms. Complete trace: # nus@e7a61097
06-11 10:44:03.938  3394  3527 E TraceManagerImpl: nux: 
06-11 10:44:03.938  3394  3527 E TraceManagerImpl: 	at tk_trace.AppUsageEvents getUsage(Started After:0)
06-11 10:44:03.938  3394  3527 E TraceManagerImpl: 	at tk_trace.AppUsageServiceImpl.getUsageUncached()(Started After:0)
06-11 10:44:03.938  3394  3527 E TraceManagerImpl: 	at tk_trace.AppUsageServiceImpl.getUsage()(Started After:0)
06-11 10:44:03.938  3394  3527 E TraceManagerImpl: 	at tk_trace.api_call(Started After:0)
06-11 10:44:03.938  3394  3526 E TraceManagerImpl: Trace api_call timed out after 1178846 ms. Complete trace: # nus@cf318d20
06-11 10:44:03.938  3394  3526 E TraceManagerImpl: nux: 
06-11 10:44:03.938  3394  3526 E TraceManagerImpl: 	at tk_trace.AppUsageEvents getUsage(Started After:0)
06-11 10:44:03.938  3394  3526 E TraceManagerImpl: 	at tk_trace.AppUsageServiceImpl.getUsageUncached()(Started After:0)
06-11 10:44:03.938  3394  3526 E TraceManagerImpl: 	at tk_trace.AppUsageServiceImpl.getUsage()(Started After:0)
06-11 10:44:03.938  3394  3526 E TraceManagerImpl: 	at tk_trace.api_call(Started After:0)
06-11 10:44:03.940  3394  3521 E TraceManagerImpl: Trace Broadcast to com.google.android.apps.wellbeing.common.receiver.coalescedreceivers.PackageFullyRemovedCoalescedBroadcast_Receiver android.intent.action.PACKAGE_FULLY_REMOVED timed out after 1195891 ms. Complete trace: # nus@cb32deee
06-11 10:44:03.940  3394  3521 E TraceManagerImpl: nux: 
06-11 10:44:03.940  3394  3521 E TraceManagerImpl: 	at tk_trace.UPDATE WHERE package_name=?(Started After:1)
06-11 10:44:03.940  3394  3521 E TraceManagerImpl: 	at tk_trace.Transaction(Started After:1)
06-11 10:44:03.940  3394  3521 E TraceManagerImpl: 	at tk_trace.Processing on the broadcast queue workerId PACKAGE_FULLY_REMOVED_COALESCED_BROADCAST_WORKER_ID(Started After:0)
06-11 10:44:03.940  3394  3521 E TraceManagerImpl: 	at tk_trace.handleBroadcast(Started After:0)
06-11 10:44:03.940  3394  3521 E TraceManagerImpl: 	at tk_trace.Broadcast to com.google.android.apps.wellbeing.common.receiver.coalescedreceivers.PackageFullyRemovedCoalescedBroadcast_Receiver android.intent.action.PACKAGE_FULLY_REMOVED(Started After:0)
06-11 10:44:03.941  3394  3440 E TraceManagerImpl: Trace Broadcast to com.google.android.apps.wellbeing.common.receiver.coalescedreceivers.PackageFullyRemovedCoalescedBroadcast_Receiver android.intent.action.PACKAGE_FULLY_REMOVED timed out after 1171538 ms. Complete trace: # nus@5f07de65
06-11 10:44:03.941  3394  3440 E TraceManagerImpl: nux: 
06-11 10:44:03.941  3394  3440 E TraceManagerImpl: 	at tk_trace.execSQL: REPLACE INTO auxiliary_app_data(package_id,storage_id,data) VALUES (?, ?, ?)(Started After:1)
06-11 10:44:03.941  3394  3440 E TraceManagerImpl: 	at tk_trace.Transaction(Started After:1)
06-11 10:44:03.941  3394  3440 E TraceManagerImpl: 	at tk_trace.Processing on the broadcast queue workerId PACKAGE_FULLY_REMOVED_COALESCED_BROADCAST_WORKER_ID(Started After:0)
06-11 10:44:03.941  3394  3440 E TraceManagerImpl: 	at tk_trace.handleBroadcast(Started After:0)
06-11 10:44:03.941  3394  3440 E TraceManagerImpl: 	at tk_trace.Broadcast to com.google.android.apps.wellbeing.common.receiver.coalescedreceivers.PackageFullyRemovedCoalescedBroadcast_Receiver android.intent.action.PACKAGE_FULLY_REMOVED(Started After:0)
06-11 10:44:06.324  1005  3293 E libbinder.IPCThreadState: binder thread pool (1 threads) starved for 107 ms
06-11 10:44:06.324  1005  1005 E WifiHAL : Creating message to get cached scan results
06-11 10:44:09.502  1005  3293 E WifiHAL : Creating message to get cached scan results
06-11 10:44:11.115  1005  3293 E libbinder.IPCThreadState: binder thread pool (1 threads) starved for 116 ms
06-11 10:44:11.115  1005  1005 E WifiHAL : Creating message to get cached scan results
06-11 10:44:11.182  2835  2845 E IpSecManager: Failed to close SecurityParameterIndex{spi=129172224,resourceId=-1}, Exception=java.lang.IllegalArgumentException: No such SpiRecord found for given id: -1
06-11 10:44:11.183  2835  2845 E IpSecManager: Failed to close SecurityParameterIndex{spi=169341164,resourceId=-1}, Exception=java.lang.IllegalArgumentException: No such SpiRecord found for given id: -1
06-11 10:44:11.184  2835  2845 E IpSecManager: Failed to close SecurityParameterIndex{spi=1184346875,resourceId=-1}, Exception=java.lang.IllegalArgumentException: No such SpiRecord found for given id: -1
06-11 10:44:11.185  2835  2845 E IpSecManager: Failed to close SecurityParameterIndex{spi=1031514543,resourceId=-1}, Exception=java.lang.IllegalArgumentException: No such SpiRecord found for given id: -1
06-11 10:44:11.186  2835  2845 E IpSecManager: Failed to close UdpEncapsulationSocket{port=35444,resourceId=-1}, Exception=java.lang.IllegalArgumentException: No such EncapSocketRecord found for given id: -1
06-11 10:44:11.189  2835  2845 E IpSecManager: Failed to close IpSecTunnelInterface{ifname=ipsec65,resourceId=-1}, Exception=java.lang.IllegalArgumentException: No such TunnelInterfaceRecord found for given id: -1
06-11 10:44:12.669  1005  3293 E WifiHAL : Creating message to get cached scan results
06-11 10:44:13.198  6434  6757 E Finsky  : [54] Gil log event does not have a valid logging context key.
06-11 10:44:14.947  6434  6796 E Finsky  : [56] Gil log event does not have a valid logging context key.
06-11 10:44:14.988  6434  6434 E AbstractLogEventBuilder: The provided ProductIdOrigin 3 is not one of the process-level expected values: 1 or 2
06-11 10:44:14.989  6434  6434 E AbstractLogEventBuilder: The provided ProductIdOrigin 3 is not one of the process-level expected values: 1 or 2
06-11 10:44:15.026   685  2283 E powerhal-libperfmgr: Error: shouldn't report duration during pause state.
06-11 10:44:15.044  6434 28699 E AbstractLogEventBuilder: The provided ProductIdOrigin 3 is not one of the process-level expected values: 1 or 2
06-11 10:44:15.579  6434  6795 E Finsky  : [55] Gil log event does not have a valid logging context key.
06-11 10:44:15.806  1005  1005 E WifiHAL : Creating message to get cached scan results
06-11 10:44:15.817  1005  1005 E libbinder.IPCThreadState: binder thread pool (1 threads) starved for 105 ms
06-11 10:44:16.299  1498  3528 E RoleControllerServiceImpl: Default/fallback role holder package doesn't qualify for the role, package: com.google.android.retaildemo, role: android.app.role.RETAIL_DEMO, user: 0
06-11 10:44:16.300  1498  3528 E RoleControllerServiceImpl: Default/fallback role holder package doesn't qualify for the role, package: com.google.android.gms.supervision, role: android.app.role.SYSTEM_SUPERVISION, user: 0
06-11 10:44:16.337  1498  3528 E RoleControllerServiceImpl: Default/fallback role holder package doesn't qualify for the role, package: com.google.android.gms, role: android.app.role.SYSTEM_DEPENDENCY_INSTALLER, user: 0
06-11 10:44:16.372  6434  6796 E Finsky  : [56] [Counters] attempted to use a non-positive increment for: 4752
06-11 10:44:16.389  6434  6796 E Finsky  : [56] [Counters] attempted to use a non-positive increment for: 4753
06-11 10:44:16.394  1498  3528 E ApduServiceInfo: Not adding <aid-group> with empty or invalid AIDs
06-11 10:44:16.493  6434  6757 E Finsky  : [54] [Counters] attempted to use a non-positive increment for: 4752
06-11 10:44:16.495  6434  6757 E Finsky  : [54] [Counters] attempted to use a non-positive increment for: 4752
06-11 10:44:16.497  6434  6757 E Finsky  : [54] [Counters] attempted to use a non-positive increment for: 4753
06-11 10:44:16.498  6434  6757 E Finsky  : [54] [Counters] attempted to use a non-positive increment for: 4753
06-11 10:44:16.503  6434  6803 E Finsky  : [59] [Counters] attempted to use a non-positive increment for: 4752
06-11 10:44:16.511  6434  6757 E Finsky  : [54] [Counters] attempted to use a non-positive increment for: 4753
06-11 10:44:16.931  5617  5782 E exgc    : (REDACTED) Unrecognized recognizer for [%s, %d]: %d. Ignoring it and its associated features.
06-11 10:44:16.932  5617  5780 E exgc    : (REDACTED) Unrecognized recognizer for [%s, %d]: %d. Ignoring it and its associated features.
06-11 10:44:16.932  5617  5782 E exgc    : (REDACTED) Unrecognized recognizer for [%s, %d]: %d. Ignoring it and its associated features.
06-11 10:44:16.932  5617  5782 E exgc    : (REDACTED) Unrecognized recognizer for [%s, %d]: %d. Ignoring it and its associated features.
06-11 10:44:16.932  5617  5782 E exgc    : (REDACTED) Unrecognized recognizer for [%s, %d]: %d. Ignoring it and its associated features.
06-11 10:44:16.932  5617  5782 E exgc    : (REDACTED) Unrecognized recognizer for [%s, %d]: %d. Ignoring it and its associated features.
06-11 10:44:16.933  5617  5798 E exgc    : (REDACTED) Unrecognized recognizer for [%s, %d]: %d. Ignoring it and its associated features.
06-11 10:44:16.934  5617  5798 E exgc    : (REDACTED) Unrecognized recognizer for [%s, %d]: %d. Ignoring it and its associated features.
06-11 10:44:16.934  5617  5798 E exgc    : (REDACTED) Unrecognized recognizer for [%s, %d]: %d. Ignoring it and its associated features.
06-11 10:44:16.934  5617  5798 E exgc    : (REDACTED) Unrecognized recognizer for [%s, %d]: %d. Ignoring it and its associated features.
06-11 10:44:16.934  5617  5798 E exgc    : (REDACTED) Unrecognized recognizer for [%s, %d]: %d. Ignoring it and its associated features.
06-11 10:44:16.939  5617  5780 E exgc    : (REDACTED) Unrecognized recognizer for [%s, %d]: %d. Ignoring it and its associated features.
06-11 10:44:16.942  5617  5780 E exgc    : (REDACTED) Unrecognized recognizer for [%s, %d]: %d. Ignoring it and its associated features.
06-11 10:44:16.942  5617  5780 E exgc    : (REDACTED) Unrecognized recognizer for [%s, %d]: %d. Ignoring it and its associated features.
06-11 10:44:16.942  5617  5780 E exgc    : (REDACTED) Unrecognized recognizer for [%s, %d]: %d. Ignoring it and its associated features.
06-11 10:44:17.068  5617  5755 E exgc    : (REDACTED) Unrecognized recognizer for [%s, %d]: %d. Ignoring it and its associated features.
06-11 10:44:17.087  5617  5780 E exgc    : (REDACTED) Unrecognized recognizer for [%s, %d]: %d. Ignoring it and its associated features.
06-11 10:44:17.091  5617  5789 E exgc    : (REDACTED) Unrecognized recognizer for [%s, %d]: %d. Ignoring it and its associated features.
06-11 10:44:17.097  5617  5802 E exgc    : (REDACTED) Unrecognized recognizer for [%s, %d]: %d. Ignoring it and its associated features.
06-11 10:44:17.099  5617  5789 E exgc    : (REDACTED) Unrecognized recognizer for [%s, %d]: %d. Ignoring it and its associated features.
06-11 10:44:17.099  5617  5780 E exgc    : (REDACTED) Unrecognized recognizer for [%s, %d]: %d. Ignoring it and its associated features.
06-11 10:44:17.099  5617  5780 E exgc    : (REDACTED) Unrecognized recognizer for [%s, %d]: %d. Ignoring it and its associated features.
06-11 10:44:17.099  5617  5780 E exgc    : (REDACTED) Unrecognized recognizer for [%s, %d]: %d. Ignoring it and its associated features.
06-11 10:44:17.099  5617  5780 E exgc    : (REDACTED) Unrecognized recognizer for [%s, %d]: %d. Ignoring it and its associated features.
06-11 10:44:17.099  5617  5789 E exgc    : (REDACTED) Unrecognized recognizer for [%s, %d]: %d. Ignoring it and its associated features.
06-11 10:44:17.099  5617  5798 E exgc    : (REDACTED) Unrecognized recognizer for [%s, %d]: %d. Ignoring it and its associated features.
06-11 10:44:17.099  5617  5789 E exgc    : (REDACTED) Unrecognized recognizer for [%s, %d]: %d. Ignoring it and its associated features.
06-11 10:44:17.100  5617  5789 E exgc    : (REDACTED) Unrecognized recognizer for [%s, %d]: %d. Ignoring it and its associated features.
06-11 10:44:17.103  5617  5780 E exgc    : (REDACTED) Unrecognized recognizer for [%s, %d]: %d. Ignoring it and its associated features.
06-11 10:44:17.104  5617  5802 E exgc    : (REDACTED) Unrecognized recognizer for [%s, %d]: %d. Ignoring it and its associated features.
06-11 10:44:17.104  5617  5802 E exgc    : (REDACTED) Unrecognized recognizer for [%s, %d]: %d. Ignoring it and its associated features.
06-11 10:44:17.104  5617  5798 E exgc    : (REDACTED) Unrecognized recognizer for [%s, %d]: %d. Ignoring it and its associated features.
06-11 10:44:17.104  5617  5802 E exgc    : (REDACTED) Unrecognized recognizer for [%s, %d]: %d. Ignoring it and its associated features.
06-11 10:44:17.105  5617  5798 E exgc    : (REDACTED) Unrecognized recognizer for [%s, %d]: %d. Ignoring it and its associated features.
06-11 10:44:17.105  5617  5802 E exgc    : (REDACTED) Unrecognized recognizer for [%s, %d]: %d. Ignoring it and its associated features.
06-11 10:44:17.105  5617  5798 E exgc    : (REDACTED) Unrecognized recognizer for [%s, %d]: %d. Ignoring it and its associated features.
06-11 10:44:17.105  5617  5798 E exgc    : (REDACTED) Unrecognized recognizer for [%s, %d]: %d. Ignoring it and its associated features.
06-11 10:44:17.105  5617  5780 E exgc    : (REDACTED) Unrecognized recognizer for [%s, %d]: %d. Ignoring it and its associated features.
06-11 10:44:17.105  5617  5780 E exgc    : (REDACTED) Unrecognized recognizer for [%s, %d]: %d. Ignoring it and its associated features.
06-11 10:44:17.105  5617  5780 E exgc    : (REDACTED) Unrecognized recognizer for [%s, %d]: %d. Ignoring it and its associated features.
06-11 10:44:17.105  5617  5780 E exgc    : (REDACTED) Unrecognized recognizer for [%s, %d]: %d. Ignoring it and its associated features.
06-11 10:44:17.674  6434  6434 E Finsky  : [2] Failed to load an Item com.android.vending, missing shared fields: [4], missing type-specific fields: [0, 0, 0, 0, 0, 0, 0, 0, 64]
06-11 10:44:17.674  6434  6434 E Finsky  : [2] Failed to load an Item com.microsoft.office.officelens, no data available.
06-11 10:44:17.677  6434  6434 E Finsky  : [2] Required items [com.android.vending, com.microsoft.office.officelens]
06-11 10:44:17.678  6434  6434 E Finsky  : [2] Requested items [[com.android.vending, com.microsoft.office.officelens]]
06-11 10:44:17.678  6434  6434 E Finsky  : [2] Retrieved items []
06-11 10:44:18.978  1005  1005 E libbinder.IPCThreadState: binder thread pool (1 threads) starved for 102 ms
06-11 10:44:18.978  1005  3293 E WifiHAL : Creating message to get cached scan results
06-11 10:44:19.187  6434  6803 E AbstractLogEventBuilder: The provided ProductIdOrigin 3 is not one of the process-level expected values: 1 or 2
06-11 10:44:19.187  6434 28717 E AbstractLogEventBuilder: The provided ProductIdOrigin 3 is not one of the process-level expected values: 1 or 2
06-11 10:44:21.114 28844 28867 E ReactNativeJS: [TypeError: Cannot read property 'getConstants' of null]
06-11 10:44:21.123 28844 28868 E AndroidRuntime: FATAL EXCEPTION: mqt_v_native
06-11 10:44:21.123 28844 28868 E AndroidRuntime: Process: com.athletekinetics, PID: 28844
06-11 10:44:21.123 28844 28868 E AndroidRuntime: com.facebook.react.common.JavascriptException: TypeError: Cannot read property 'getConstants' of null, stack:
06-11 10:44:21.123 28844 28868 E AndroidRuntime: anonymous@1:1131029
06-11 10:44:21.123 28844 28868 E AndroidRuntime: loadModuleImplementation@1:18973
06-11 10:44:21.123 28844 28868 E AndroidRuntime: guardedLoadModule@1:18497
06-11 10:44:21.123 28844 28868 E AndroidRuntime: metroRequire@1:18093
06-11 10:44:21.123 28844 28868 E AndroidRuntime: anonymous@1:1127973
06-11 10:44:21.123 28844 28868 E AndroidRuntime: loadModuleImplementation@1:18973
06-11 10:44:21.123 28844 28868 E AndroidRuntime: guardedLoadModule@1:18454
06-11 10:44:21.123 28844 28868 E AndroidRuntime: metroRequire@1:18093
06-11 10:44:21.123 28844 28868 E AndroidRuntime: ?anon_0_@1:1127329
06-11 10:44:21.123 28844 28868 E AndroidRuntime: asyncGeneratorStep@1:579252
06-11 10:44:21.123 28844 28868 E AndroidRuntime: _next@1:579509
06-11 10:44:21.123 28844 28868 E AndroidRuntime: anonymous@1:579461
06-11 10:44:21.123 28844 28868 E AndroidRuntime: anonymous@1:579382
06-11 10:44:21.123 28844 28868 E AndroidRuntime: _tryCreateDeviceEmbedder@1:1127274
06-11 10:44:21.123 28844 28868 E AndroidRuntime: tryCreateDeviceEmbedder@1:1127222
06-11 10:44:21.123 28844 28868 E AndroidRuntime: anonymous@1:708286
06-11 10:44:21.123 28844 28868 E AndroidRuntime: commitHookEffectListMount@1:163951
06-11 10:44:21.123 28844 28868 E AndroidRuntime: commitPassiveMountOnFiber@1:170850
06-11 10:44:21.123 28844 28868 E AndroidRuntime: recursivelyTraversePassiveMountEffects@1:169964
06-11 10:44:21.123 28844 28868 E AndroidRuntime: commitPassiveMountOnFiber@1:170794
06-11 10:44:21.123 28844 28868 E AndroidRuntime: recursivelyTraversePassiveMountEffects@1:169964
06-11 10:44:21.123 28844 28868 E AndroidRuntime: commitPassiveMountOnFiber@1:170822
06-11 10:44:21.123 28844 28868 E AndroidRuntime: recursivelyTraversePassiveMountEffects@1:169964
06-11 10:44:21.123 28844 28868 E AndroidRuntime: commitPassiveMountOnFiber@1:170880
06-11 10:44:21.123 28844 28868 E AndroidRuntime: recursivelyTraversePassiveMountEffects@1:169964
06-11 10:44:21.123 28844 28868 E AndroidRuntime: commitPassiveMountOnFiber@1:170822
06-11 10:44:21.123 28844 28868 E AndroidRuntime: recursivelyTraversePassiveMountEffects@1:169964
06-11 10:44:21.123 28844 28868 E AndroidRuntime: commitPassiveMountOnFiber@1:170880
06-11 10:44:21.123 28844 28868 E AndroidRuntime: recursivelyTraversePassiveMountEffects@1:169964
06-11 10:44:21.123 28844 28868 E AndroidRuntime: commitPassiveMountOnFiber@1:170822
06-11 10:44:21.123 28844 28868 E AndroidRuntime: recursivelyTraversePassiveMountEffects@1:169964
06-11 10:44:21.123 28844 28868 E AndroidRuntime: commitPassiveMountOnFiber@1:170880
06-11 10:44:21.123 28844 28868 E AndroidRuntime: recursivelyTraversePassiveMountEffects@1:169964
06-11 10:44:21.123 28844 28868 E AndroidRuntime: commitPassiveMountOnFiber@1:170650
06-11 10:44:21.123 28844 28868 E AndroidRuntime: flushPassiveEffects@1:180250
06-11 10:44:21.123 28844 28868 E AndroidRuntime: anonymous@1:178911
06-11 10:44:21.123 28844 28868 E AndroidRuntime: 
06-11 10:44:21.123 28844 28868 E AndroidRuntime: 	at com.facebook.react.modules.core.ExceptionsManagerModule.reportException(ExceptionsManagerModule.kt:52)
06-11 10:44:21.123 28844 28868 E AndroidRuntime: 	at com.facebook.jni.NativeRunnable.run(Native Method)
06-11 10:44:21.123 28844 28868 E AndroidRuntime: 	at android.os.Handler.handleCallback(Handler.java:1095)
06-11 10:44:21.123 28844 28868 E AndroidRuntime: 	at android.os.Handler.dispatchMessageImpl(Handler.java:135)
06-11 10:44:21.123 28844 28868 E AndroidRuntime: 	at android.os.Handler.dispatchMessage(Handler.java:125)
06-11 10:44:21.123 28844 28868 E AndroidRuntime: 	at com.facebook.react.bridge.queue.MessageQueueThreadHandler.dispatchMessage(MessageQueueThreadHandler.kt:21)
06-11 10:44:21.123 28844 28868 E AndroidRuntime: 	at android.os.Looper.loopOnce(Looper.java:269)
06-11 10:44:21.123 28844 28868 E AndroidRuntime: 	at android.os.Looper.loop(Looper.java:367)
06-11 10:44:21.123 28844 28868 E AndroidRuntime: 	at com.facebook.react.bridge.queue.MessageQueueThreadImpl$Companion.startNewBackgroundThread$lambda$1(MessageQueueThreadImpl.kt:175)
06-11 10:44:21.123 28844 28868 E AndroidRuntime: 	at com.facebook.react.bridge.queue.MessageQueueThreadImpl$Companion.$r8$lambda$ldnZnqelhYFctGaUKkOKYj5rxo4(MessageQueueThreadImpl.kt:0)
06-11 10:44:21.123 28844 28868 E AndroidRuntime: 	at com.facebook.react.bridge.queue.MessageQueueThreadImpl$Companion$$ExternalSyntheticLambda0.run(D8$$SyntheticClass:0)
06-11 10:44:21.123 28844 28868 E AndroidRuntime: 	at java.lang.Thread.run(Thread.java:1572)
06-11 10:44:21.143  1498  2037 E InputDispatcher: channel 'cbd4c4c com.athletekinetics/com.athletekinetics.MainActivity' ~ Channel is unrecoverably broken and will be disposed!
06-11 10:44:21.516  1498  1540 E libbinder.IPCThreadState: Binder transaction failure. id: 2099267, cmd: BR_DEAD_REPLY (29189), error: -22 (Invalid argument)
06-11 10:44:21.554   513   513 E BpTransactionCompletedListener: Failed to transact (-32)
06-11 10:44:22.163  1005  1005 E WifiHAL : Creating message to get cached scan results
06-11 10:44:22.175  1005  1005 E libbinder.IPCThreadState: binder thread pool (1 threads) starved for 114 ms
06-11 10:44:25.347  1005  1005 E libbinder.IPCThreadState: binder thread pool (1 threads) starved for 107 ms
06-11 10:44:25.348  1005  3293 E WifiHAL : Creating message to get cached scan results
06-11 10:44:27.117  5617  5780 E ffcc    : (REDACTED) Trace %s timed out after %d ms. Complete trace: %s
06-11 10:44:27.117  5617  5780 E ffcc    : ffdl: 
06-11 10:44:27.117  5617  5780 E ffcc    : 	at tk_trace.com.google.android.libraries.search.soda.services.AccountScopedSodaResourceManagerService/Session-server(Started After:0)
06-11 10:44:27.117  5617  5780 E ffcc    : 	at tk_trace.PropagatingContext(Started After:0)
06-11 10:44:27.117  5617  5780 E ffcc    : 	at tk_trace.com.google.android.libraries.search.soda.services.AccountScopedSodaResourceManagerService/Session(Started After:0)
06-11 10:44:27.117  5617  5780 E ffcc    : 	Suppressed: ffdk: 
06-11 10:44:27.117  5617  5780 E ffcc    : 		at tk_trace.GET_FILE_GROUP_FINISHED(unfinished)(Unknown Source:0)
06-11 10:44:27.117  5617  5780 E ffcc    : 		at tk_trace.PropagatingContext 121 ms(Unknown Source:0)
06-11 10:44:27.117  5617  5780 E ffcc    : 		at tk_trace.com.google.android.libraries.search.soda.services.AccountScopedSodaResourceManagerServiceSession 7 ms(Unknown Source:0)
06-11 10:44:27.117  5617  5780 E ffcc    : 	Suppressed: ffdk: 
06-11 10:44:27.117  5617  5780 E ffcc    : 		at tk_trace.GET_FILE_GROUP_FINISHED(unfinished)(Unknown Source:0)
06-11 10:44:27.117  5617  5780 E ffcc    : 		at tk_trace.PropagatingContext 121 ms(Unknown Source:0)
06-11 10:44:27.117  5617  5780 E ffcc    : 		at tk_trace.com.google.android.libraries.search.soda.services.AccountScopedSodaResourceManagerServiceSession 7 ms(Unknown Source:0)
06-11 10:44:27.117  5617  5780 E ffcc    : 	Suppressed: ffdk: 
06-11 10:44:27.117  5617  5780 E ffcc    : 		at tk_trace.GET_FILE_GROUP_FINISHED(unfinished)(Unknown Source:0)
06-11 10:44:27.117  5617  5780 E ffcc    : 		at tk_trace.PropagatingContext 121 ms(Unknown Source:0)
06-11 10:44:27.117  5617  5780 E ffcc    : 		at tk_trace.com.google.android.libraries.search.soda.services.AccountScopedSodaResourceManagerServiceSession 7 ms(Unknown Source:0)
06-11 10:44:27.117  5617  5780 E ffcc    : 	Suppressed: ffdk: 
06-11 10:44:27.117  5617  5780 E ffcc    : 		at tk_trace.GET_FILE_GROUP_START(unfinished)(Unknown Source:0)
06-11 10:44:27.117  5617  5780 E ffcc    : 		at tk_trace.PropagatingContext 121 ms(Unknown Source:0)
06-11 10:44:27.117  5617  5780 E ffcc    : 		at tk_trace.com.google.android.libraries.search.soda.services.AccountScopedSodaResourceManagerServiceSession 7 ms(Unknown Source:0)
06-11 10:44:27.117  5617  5780 E ffcc    : 	Suppressed: ffdk: 
06-11 10:44:27.117  5617  5780 E ffcc    : 		at tk_trace.GET_FILE_GROUP_FINISHED(unfinished)(Unknown Source:0)
06-11 10:44:27.117  5617  5780 E ffcc    : 		at tk_trace.PropagatingContext 121 ms(Unknown Source:0)
06-11 10:44:27.117  5617  5780 E ffcc    : 		at tk_trace.com.google.android.libraries.search.soda.services.AccountScopedSodaResourceManagerServiceSession 7 ms(Unknown Source:0)
06-11 10:44:27.117  5617  5780 E ffcc    : 	Suppressed: ffdk: 
06-11 10:44:27.117  5617  5780 E ffcc    : 		at tk_trace.GET_FILE_GROUP_FINISHED(unfinished)(Unknown Source:0)
06-11 10:44:27.117  5617  5780 E ffcc    : 		at tk_trace.PropagatingContext 121 ms(Unknown Source:0)
06-11 10:44:27.117  5617  5780 E ffcc    : 		at tk_trace.com.google.android.libraries.search.soda.services.AccountScopedSodaResourceManagerServiceSession 7 ms(Unknown Source:0)
06-11 10:44:27.117  5617  5780 E ffcc    : 	Suppressed: ffdk: 
06-11 10:44:27.117  5617  5780 E ffcc    : 		at tk_trace.ADD_FILE_GROUP_FINISHED(unfinished)(Unknown Source:0)
06-11 10:44:27.117  5617  5780 E ffcc    : 		at tk_trace.PropagatingContext 121 ms(Unknown Source:0)
06-11 10:44:27.117  5617  5780 E ffcc    : 		at tk_trace.com.google.android.libraries.search.soda.services.AccountScopedSodaResourceManagerServiceSession 7 ms(Unknown Source:0)
06-11 10:44:27.117  5617  5780 E ffcc    : 	Suppressed: ffdk: 
06-11 10:44:27.117  5617  5780 E ffcc    : 		at tk_trace.ADD_FILE_GROUP_FINISHED(unfinished)(Unknown Source:0)
06-11 10:44:27.117  5617  5780 E ffcc    : 		at tk_trace.PropagatingContext 121 ms(Unknown Source:0)
06-11 10:44:27.117  5617  5780 E ffcc    : 		at tk_trace.com.google.android.libraries.search.soda.services.AccountScopedSodaResourceManagerServiceSession 7 ms(Unknown Source:0)
06-11 10:44:27.117  5617  5780 E ffcc    : 	Suppressed: ffdk: 
06-11 10:44:27.117  5617  5780 E ffcc    : 		at tk_trace.ADD_FILE_GROUP_FINISHED(unfinished)(Unknown Source:0)
06-11 10:44:27.117  5617  5780 E ffcc    : 		at tk_trace.PropagatingContext 121 ms(Unknown Source:0)
06-11 10:44:27.117  5617  5780 E ffcc    : 		at tk_trace.com.google.android.libraries.search.soda.services.AccountScopedSodaResourceManagerServiceSession 7 ms(Unknown Source:0)
06-11 10:44:27.117  5617  5780 E ffcc    : 	Suppressed: ffdk: 
06-11 10:44:27.117  5617  5780 E ffcc    : 		at tk_trace.ADD_FILE_GROUP_FINISHED(unfinished)(Unknown Source:0)
06-11 10:44:27.117  5617  5780 E ffcc    : 		at tk_trace.PropagatingContext 121 ms(Unknown Source:0)
06-11 10:44:27.117  5617  5780 E ffcc    : 		at tk_trace.com.google.android.libraries.search.soda.services.AccountScopedSodaResourceManagerServiceSession 7 ms(Unknown Source:0)
06-11 10:44:27.117  5617  5780 E ffcc    : 	Suppressed: ffdk: 
06-11 10:44:27.117  5617  5780 E ffcc    : 		at tk_trace.Suppressed exceptions exceeds the limit 10, additional unfinished spans will not be reported(Unknown Source:0)
06-11 10:44:28.526  1005  1005 E WifiHAL : Creating message to get cached scan results
06-11 10:44:28.532  1005  1005 E libbinder.IPCThreadState: binder thread pool (1 threads) starved for 110 ms
06-11 10:44:31.675  1005  1005 E libbinder.IPCThreadState: binder thread pool (1 threads) starved for 110 ms
06-11 10:44:31.675  1005  3293 E WifiHAL : Creating message to get cached scan results
06-11 10:44:34.865  1005  3293 E libbinder.IPCThreadState: binder thread pool (1 threads) starved for 107 ms
06-11 10:44:34.865  1005  1005 E WifiHAL : Creating message to get cached scan results
06-11 10:44:38.055  1005  1005 E libbinder.IPCThreadState: binder thread pool (1 threads) starved for 107 ms
06-11 10:44:38.055  1005  3293 E WifiHAL : Creating message to get cached scan results
