source commit: 8a2196c5c45daf7f85cee7f81b53ce86be1c0cc1
command: node --expose-gc tools/rendering/verify_preview_storage.mjs

{
  "runtime": "v24.11.1",
  "scope": "Host storage and retained JSON-clone regression only; no native peak memory/frame-timing/4GBphone acceptance",
  "records": 182,
  "families": 75,
  "rawBytes": 533440,
  "gzipBytes": 89408,
  "largestFamily": {
    "file": "horizontal-press__supine.json",
    "rawBytes": 38955
  },
  "singleFamily": {
    "samples": [
      86960,
      90296,
      90296,
      90488,
      90560
    ],
    "medianBytes": 90296
  },
  "allFamilies": {
    "samples": [
      1332720,
      1331920,
      1331792,
      1331920,
      1331792
    ],
    "medianBytes": 1331920
  },
  "budgets": {
    "rawBytes": 1048576,
    "gzipBytes": 196608,
    "familyBytes": 65536,
    "singleFamilyMaxBytes": 262144,
    "allFamiliesMaxBytes": 2097152
  },
  "checks": {
    "aggregateRaw": true,
    "aggregateGzip": true,
    "everyFamily": true,
    "singleFamilyClone": true,
    "allFamiliesClone": true
  },
  "pass": true
}
exit code: 0
