{
  "head": "1185f0d0d6eb91b482afe60af4a0bf8173ba8c06",
  "result": false,
  "draws": 6702,
  "cycles": 51,
  "priorEntriesChecked": 137,
  "priorCycleMatches": 48,
  "errors": [
    {
      "type": "cache",
      "cached": "tools/rendering/.build/canonicalFigure.js"
    },
    {
      "type": "cache",
      "cached": "tools/rendering/.build-derivation/canonicalFigure.js"
    }
  ],
  "budgets": {
    "rawBytes": 406094,
    "gzipBytes": 61699,
    "maxFamilyBytes": 40322,
    "limits": {
      "rawBytes": 1048576,
      "gzipBytes": 196608,
      "familyBytes": 65536,
      "singleFamilyMaxBytes": 262144,
      "allFamiliesMaxBytes": 2097152
    }
  }
}
