source commit: 88eaa486c56f8ef723e405bf1cfaa20dc070e218
command: node --expose-gc tools/rendering/verify_preview_storage.mjs

{
  "runtime": "v24.11.1",
  "scope": "Host storage and retained JSON-clone regression only; no native peak memory/frame-timing/4GBphone acceptance",
  "records": 182,
  "families": 75,
  "rawBytes": 533368,
  "gzipBytes": 89347,
  "largestFamily": {
    "file": "horizontal-press__supine.json",
    "rawBytes": 38956
  },
  "singleFamily": {
    "samples": [
      85768,
      90328,
      90456,
      90456,
      90688
    ],
    "medianBytes": 90456
  },
  "allFamilies": {
    "samples": [
      1332600,
      1331752,
      1331704,
      1331704,
      1331704
    ],
    "medianBytes": 1331704
  },
  "budgets": {
    "rawBytes": 1048576,
    "gzipBytes": 196608,
    "familyBytes": 65536,
    "singleFamilyMaxBytes": 262144,
    "allFamiliesMaxBytes": 2097152
  },
  "checks": {
    "aggregateRaw": true,
    "aggregateGzip": true,
    "everyFamily": true,
    "singleFamilyClone": true,
    "allFamiliesClone": true
  },
  "pass": true
}
exit code: 0
