source commit: 376926aca6cfee8a94d4c606c6e532045be52b1a
command: node --expose-gc tools/rendering/verify_preview_storage.mjs

{
  "runtime": "v24.11.1",
  "scope": "Host storage and retained JSON-clone regression only; no native peak memory/frame-timing/4GBphone acceptance",
  "records": 179,
  "families": 74,
  "rawBytes": 520142,
  "gzipBytes": 81839,
  "largestFamily": {
    "file": "horizontal-press__supine.json",
    "rawBytes": 40359
  },
  "singleFamily": {
    "samples": [
      90576,
      93912,
      94104,
      94104,
      94336
    ],
    "medianBytes": 94104
  },
  "allFamilies": {
    "samples": [
      1363968,
      1363168,
      1363040,
      1363168,
      1363040
    ],
    "medianBytes": 1363168
  },
  "budgets": {
    "rawBytes": 1048576,
    "gzipBytes": 196608,
    "familyBytes": 65536,
    "singleFamilyMaxBytes": 262144,
    "allFamiliesMaxBytes": 2097152
  },
  "checks": {
    "aggregateRaw": true,
    "aggregateGzip": true,
    "everyFamily": true,
    "singleFamilyClone": true,
    "allFamiliesClone": true
  },
  "pass": true
}
exit code: 0
