source commit: 2b3ebd9f0d5df688715fa39a68310ff4a66dd519
command: node --expose-gc tools/rendering/verify_preview_storage.mjs

{
  "runtime": "v24.11.1",
  "scope": "Host storage and retained JSON-clone regression only; no native peak memory/frame-timing/4GBphone acceptance",
  "records": 164,
  "families": 63,
  "rawBytes": 477711,
  "gzipBytes": 73760,
  "largestFamily": {
    "file": "horizontal-press__supine.json",
    "rawBytes": 40359
  },
  "singleFamily": {
    "samples": [
      89272,
      93912,
      93912,
      93912,
      94144
    ],
    "medianBytes": 93912
  },
  "allFamilies": {
    "samples": [
      1263728,
      1262992,
      1262944,
      1262944,
      1262944
    ],
    "medianBytes": 1262944
  },
  "budgets": {
    "rawBytes": 1048576,
    "gzipBytes": 196608,
    "familyBytes": 65536,
    "singleFamilyMaxBytes": 262144,
    "allFamiliesMaxBytes": 2097152
  },
  "checks": {
    "aggregateRaw": true,
    "aggregateGzip": true,
    "everyFamily": true,
    "singleFamilyClone": true,
    "allFamiliesClone": true
  },
  "pass": true
}
exit code: 0
