source commit: bd38f037ac620e88afbe71e7ff30cbca780a836e
command: node --expose-gc tools/rendering/verify_preview_storage.mjs

{
  "runtime": "v24.11.1",
  "scope": "Host storage and retained JSON-clone regression only; no native peak memory/frame-timing/4GBphone acceptance",
  "records": 179,
  "families": 74,
  "rawBytes": 516832,
  "gzipBytes": 83952,
  "largestFamily": {
    "file": "horizontal-press__supine.json",
    "rawBytes": 40359
  },
  "singleFamily": {
    "samples": [
      89304,
      93944,
      94072,
      94072,
      94304
    ],
    "medianBytes": 94072
  },
  "allFamilies": {
    "samples": [
      1321600,
      1320688,
      1320672,
      1320672,
      1320672
    ],
    "medianBytes": 1320672
  },
  "budgets": {
    "rawBytes": 1048576,
    "gzipBytes": 196608,
    "familyBytes": 65536,
    "singleFamilyMaxBytes": 262144,
    "allFamiliesMaxBytes": 2097152
  },
  "checks": {
    "aggregateRaw": true,
    "aggregateGzip": true,
    "everyFamily": true,
    "singleFamilyClone": true,
    "allFamiliesClone": true
  },
  "pass": true
}
exit code: 0
